Component: ARM Compiler 5.06 update 6 (build 750) Tool: armlink [4d35ed]

==============================================================================

Section Cross References

    main.o(i.ADC_DMA_Configuration) refers to stm32f10x_rcc.o(i.RCC_APB2PeriphClockCmd) for RCC_APB2PeriphClockCmd
    main.o(i.ADC_DMA_Configuration) refers to stm32f10x_rcc.o(i.RCC_AHBPeriphClockCmd) for RCC_AHBPeriphClockCmd
    main.o(i.ADC_DMA_Configuration) refers to stm32f10x_rcc.o(i.RCC_ADCCLKConfig) for RCC_ADCCLKConfig
    main.o(i.ADC_DMA_Configuration) refers to stm32f10x_gpio.o(i.GPIO_Init) for GPIO_Init
    main.o(i.ADC_DMA_Configuration) refers to stm32f10x_adc.o(i.ADC_RegularChannelConfig) for ADC_RegularChannelConfig
    main.o(i.ADC_DMA_Configuration) refers to stm32f10x_adc.o(i.ADC_Init) for ADC_Init
    main.o(i.ADC_DMA_Configuration) refers to stm32f10x_dma.o(i.DMA_Init) for DMA_Init
    main.o(i.ADC_DMA_Configuration) refers to stm32f10x_dma.o(i.DMA_Cmd) for DMA_Cmd
    main.o(i.ADC_DMA_Configuration) refers to stm32f10x_adc.o(i.ADC_DMACmd) for ADC_DMACmd
    main.o(i.ADC_DMA_Configuration) refers to stm32f10x_adc.o(i.ADC_Cmd) for ADC_Cmd
    main.o(i.ADC_DMA_Configuration) refers to stm32f10x_adc.o(i.ADC_ResetCalibration) for ADC_ResetCalibration
    main.o(i.ADC_DMA_Configuration) refers to stm32f10x_adc.o(i.ADC_GetResetCalibrationStatus) for ADC_GetResetCalibrationStatus
    main.o(i.ADC_DMA_Configuration) refers to stm32f10x_adc.o(i.ADC_StartCalibration) for ADC_StartCalibration
    main.o(i.ADC_DMA_Configuration) refers to stm32f10x_adc.o(i.ADC_GetCalibrationStatus) for ADC_GetCalibrationStatus
    main.o(i.ADC_DMA_Configuration) refers to stm32f10x_adc.o(i.ADC_SoftwareStartConvCmd) for ADC_SoftwareStartConvCmd
    main.o(i.GPIO_Configuration) refers to stm32f10x_rcc.o(i.RCC_APB2PeriphClockCmd) for RCC_APB2PeriphClockCmd
    main.o(i.GPIO_Configuration) refers to stm32f10x_gpio.o(i.GPIO_Init) for GPIO_Init
    main.o(i.GPIO_Configuration) refers to stm32f10x_gpio.o(i.GPIO_WriteBit) for GPIO_WriteBit
    main.o(i.GPIO_Configuration) refers to stm32f10x_gpio.o(i.GPIO_ResetBits) for GPIO_ResetBits
    main.o(i.PWM_Init) refers to stm32f10x_rcc.o(i.RCC_APB2PeriphClockCmd) for RCC_APB2PeriphClockCmd
    main.o(i.PWM_Init) refers to stm32f10x_tim.o(i.TIM_TimeBaseInit) for TIM_TimeBaseInit
    main.o(i.PWM_Init) refers to stm32f10x_tim.o(i.TIM_OC1Init) for TIM_OC1Init
    main.o(i.PWM_Init) refers to stm32f10x_tim.o(i.TIM_OC1PreloadConfig) for TIM_OC1PreloadConfig
    main.o(i.PWM_Init) refers to stm32f10x_tim.o(i.TIM_ARRPreloadConfig) for TIM_ARRPreloadConfig
    main.o(i.PWM_Init) refers to stm32f10x_tim.o(i.TIM_CtrlPWMOutputs) for TIM_CtrlPWMOutputs
    main.o(i.PWM_Init) refers to stm32f10x_tim.o(i.TIM_Cmd) for TIM_Cmd
    main.o(i.Task_Buzzer) refers to queue.o(i.xQueueSemaphoreTake) for xQueueSemaphoreTake
    main.o(i.Task_Buzzer) refers to stm32f10x_gpio.o(i.GPIO_SetBits) for GPIO_SetBits
    main.o(i.Task_Buzzer) refers to tasks.o(i.vTaskDelay) for vTaskDelay
    main.o(i.Task_Buzzer) refers to stm32f10x_gpio.o(i.GPIO_ResetBits) for GPIO_ResetBits
    main.o(i.Task_Buzzer) refers to main.o(.data) for xBinarySemaphoreBuzzer
    main.o(i.Task_Cycle_Excution) refers to tasks.o(i.vTaskSuspend) for vTaskSuspend
    main.o(i.Task_Cycle_Excution) refers to tasks.o(i.xTaskGetTickCount) for xTaskGetTickCount
    main.o(i.Task_Cycle_Excution) refers to queue.o(i.xQueueReceive) for xQueueReceive
    main.o(i.Task_Cycle_Excution) refers to ffltui.o(.text) for __aeabi_ui2f
    main.o(i.Task_Cycle_Excution) refers to fmul.o(.text) for __aeabi_fmul
    main.o(i.Task_Cycle_Excution) refers to ffixui.o(.text) for __aeabi_f2uiz
    main.o(i.Task_Cycle_Excution) refers to fdiv.o(.text) for __aeabi_fdiv
    main.o(i.Task_Cycle_Excution) refers to fadd.o(.text) for __aeabi_fsub
    main.o(i.Task_Cycle_Excution) refers to logf.o(i.logf) for logf
    main.o(i.Task_Cycle_Excution) refers to tasks.o(i.vTaskDelay) for vTaskDelay
    main.o(i.Task_Cycle_Excution) refers to cfrcmple.o(.text) for __aeabi_cfrcmple
    main.o(i.Task_Cycle_Excution) refers to stm32f10x_gpio.o(i.GPIO_ResetBits) for GPIO_ResetBits
    main.o(i.Task_Cycle_Excution) refers to stm32f10x_gpio.o(i.GPIO_SetBits) for GPIO_SetBits
    main.o(i.Task_Cycle_Excution) refers to queue.o(i.xQueueGenericSend) for xQueueGenericSend
    main.o(i.Task_Cycle_Excution) refers to main.o(.data) for xQueueWashing
    main.o(i.Task_Read_Peripheral) refers to tasks.o(i.xTaskGetTickCount) for xTaskGetTickCount
    main.o(i.Task_Read_Peripheral) refers to loadcell_hx711.o(i.HX711_Value) for HX711_Value
    main.o(i.Task_Read_Peripheral) refers to fflti.o(.text) for __aeabi_i2f
    main.o(i.Task_Read_Peripheral) refers to fdiv.o(.text) for __aeabi_fdiv
    main.o(i.Task_Read_Peripheral) refers to cfcmple.o(.text) for __aeabi_cfcmple
    main.o(i.Task_Read_Peripheral) refers to stm32f10x_gpio.o(i.GPIO_ReadInputDataBit) for GPIO_ReadInputDataBit
[...]
    i.ADC_StartCalibration                   0x08000ce0   Section        0  stm32f10x_adc.o(i.ADC_StartCalibration)
    i.DMA1_Channel3_IRQHandler               0x08000cea   Section        0  spi.o(i.DMA1_Channel3_IRQHandler)
    i.DMA1_Channel5_IRQHandler               0x08000d00   Section        0  spi.o(i.DMA1_Channel5_IRQHandler)
    i.DMA_ClearITPendingBit                  0x08000d18   Section        0  stm32f10x_dma.o(i.DMA_ClearITPendingBit)
    i.DMA_Cmd                                0x08000d34   Section        0  stm32f10x_dma.o(i.DMA_Cmd)
    i.DMA_DeInit                             0x08000d4c   Section        0  stm32f10x_dma.o(i.DMA_DeInit)
    i.DMA_GetITStatus                        0x08000e98   Section        0  stm32f10x_dma.o(i.DMA_GetITStatus)
    i.DMA_ITConfig                           0x08000ec4   Section        0  stm32f10x_dma.o(i.DMA_ITConfig)
    i.DMA_Init                               0x08000ed6   Section        0  stm32f10x_dma.o(i.DMA_Init)
    i.Delay_Timer_Init                       0x08000f14   Section        0  delay_timer.o(i.Delay_Timer_Init)
    i.Delay_ms                               0x08000f48   Section        0  delay_timer.o(i.Delay_ms)
    i.Delay_us                               0x08000f64   Section        0  delay_timer.o(i.Delay_us)
    i.Fuzzy_Logic_Input                      0x08000f84   Section        0  fuzzy_logic.o(i.Fuzzy_Logic_Input)
    i.Fuzzy_Logic_Output                     0x08000f90   Section        0  fuzzy_logic.o(i.Fuzzy_Logic_Output)
    i.GPIO_Configuration                     0x08000fa4   Section        0  main.o(i.GPIO_Configuration)
    i.GPIO_Init                              0x08001070   Section        0  stm32f10x_gpio.o(i.GPIO_Init)
    i.GPIO_ReadInputDataBit                  0x08001186   Section        0  stm32f10x_gpio.o(i.GPIO_ReadInputDataBit)
    i.GPIO_ResetBits                         0x08001198   Section        0  stm32f10x_gpio.o(i.GPIO_ResetBits)
    i.GPIO_SetBits                           0x0800119c   Section        0  stm32f10x_gpio.o(i.GPIO_SetBits)
    i.GPIO_WriteBit                          0x080011a0   Section        0  stm32f10x_gpio.o(i.GPIO_WriteBit)
    i.HX711_Init                             0x080011ac   Section        0  loadcell_hx711.o(i.HX711_Init)
    i.HX711_Value                            0x080011e4   Section        0  loadcell_hx711.o(i.HX711_Value)
    i.NVIC_Init                              0x08001254   Section        0  misc.o(i.NVIC_Init)
    i.NVIC_PriorityGroupConfig               0x080012c4   Section        0  misc.o(i.NVIC_PriorityGroupConfig)
    i.PWM_Init                               0x080012d8   Section        0  main.o(i.PWM_Init)
    i.RCC_ADCCLKConfig                       0x0800134c   Section        0  stm32f10x_rcc.o(i.RCC_ADCCLKConfig)
    i.RCC_AHBPeriphClockCmd                  0x08001364   Section        0  stm32f10x_rcc.o(i.RCC_AHBPeriphClockCmd)
    i.RCC_APB1PeriphClockCmd                 0x08001384   Section        0  stm32f10x_rcc.o(i.RCC_APB1PeriphClockCmd)
    i.RCC_APB2PeriphClockCmd                 0x080013a4   Section        0  stm32f10x_rcc.o(i.RCC_APB2PeriphClockCmd)
    i.SPI_Cmd                                0x080013c4   Section        0  stm32f10x_spi.o(i.SPI_Cmd)
    i.SPI_DMA_Configuration                  0x080013dc   Section        0  spi.o(i.SPI_DMA_Configuration)
    i.SPI_DMA_Send                           0x08001460   Section        0  spi.o(i.SPI_DMA_Send)
    i.SPI_I2S_DMACmd                         0x08001488   Section        0  stm32f10x_spi.o(i.SPI_I2S_DMACmd)
    i.SPI_I2S_GetFlagStatus                  0x0800149a   Section        0  stm32f10x_spi.o(i.SPI_I2S_GetFlagStatus)
    i.SPI_Init                               0x080014ac   Section        0  stm32f10x_spi.o(i.SPI_Init)
    i.SPI_PutData                            0x080014e8   Section        0  spi.o(i.SPI_PutData)
    i.ST7735_Cmd                             0x0800152c   Section        0  st7735_tft_spi.o(i.ST7735_Cmd)
    i.ST7735_Configuration                   0x08001540   Section        0  st7735_tft_spi.o(i.ST7735_Configuration)
    i.ST7735_DATA                            0x080015d8   Section        0  st7735_tft_spi.o(i.ST7735_DATA)
    i.ST7735_DrawImage                       0x080015ec   Section        0  st7735_tft_spi.o(i.ST7735_DrawImage)
    i.ST7735_DrawPixel                       0x0800165c   Section        0  st7735_tft_spi.o(i.ST7735_DrawPixel)
    i.ST7735_ExecuteCommandList              0x080016a0   Section        0  st7735_tft_spi.o(i.ST7735_ExecuteCommandList)
    ST7735_ExecuteCommandList                0x080016a1   Thumb Code    94  st7735_tft_spi.o(i.ST7735_ExecuteCommandList)
    i.ST7735_FillRectangle                   0x08001704   Section        0  st7735_tft_spi.o(i.ST7735_FillRectangle)
    i.ST7735_FillScreen                      0x0800178c   Section        0  st7735_tft_spi.o(i.ST7735_FillScreen)
    i.ST7735_HozizontalLine                  0x080017a0   Section        0  st7735_tft_spi.o(i.ST7735_HozizontalLine)
    i.ST7735_Init                            0x080017d8   Section        0  st7735_tft_spi.o(i.ST7735_Init)
    i.ST7735_RESET_OFF                       0x08001808   Section        0  st7735_tft_spi.o(i.ST7735_RESET_OFF)
    i.ST7735_RESET_ON                        0x0800181c   Section        0  st7735_tft_spi.o(i.ST7735_RESET_ON)
    i.ST7735_Rectangle                       0x08001830   Section        0  st7735_tft_spi.o(i.ST7735_Rectangle)
    i.ST7735_Reset                           0x08001888   Section        0  st7735_tft_spi.o(i.ST7735_Reset)
    ST7735_Reset                             0x08001889   Thumb Code    18  st7735_tft_spi.o(i.ST7735_Reset)
    i.ST7735_SPI_Trans                       0x0800189c   Section        0  st7735_tft_spi.o(i.ST7735_SPI_Trans)
    ST7735_SPI_Trans                         0x0800189d   Thumb Code    32  st7735_tft_spi.o(i.ST7735_SPI_Trans)
    i.ST7735_Select                          0x080018c0   Section        0  st7735_tft_spi.o(i.ST7735_Select)
    i.ST7735_SetAddressWindow                0x080018d4   Section        0  st7735_tft_spi.o(i.ST7735_SetAddressWindow)
    ST7735_SetAddressWindow                  0x080018d5   Thumb Code    74  st7735_tft_spi.o(i.ST7735_SetAddressWindow)
    i.ST7735_Unselect                        0x08001920   Section        0  st7735_tft_spi.o(i.ST7735_Unselect)
    i.ST7735_VerticalLine                    0x08001934   Section        0  st7735_tft_spi.o(i.ST7735_VerticalLine)
    i.ST7735_WriteChar                       0x0800196a   Section        0  st7735_tft_spi.o(i.ST7735_WriteChar)
    ST7735_WriteChar                         0x0800196b   Thumb Code   160  st7735_tft_spi.o(i.ST7735_WriteChar)
    i.ST7735_WriteCommand                    0x08001a0a   Section        0  st7735_tft_spi.o(i.ST7735_WriteCommand)
    ST7735_WriteCommand                      0x08001a0b   Thumb Code    16  st7735_tft_spi.o(i.ST7735_WriteCommand)
    i.ST7735_WriteData                       0x08001a1a   Section        0  st7735_tft_spi.o(i.ST7735_WriteData)
    ST7735_WriteData                         0x08001a1b   Thumb Code    20  st7735_tft_spi.o(i.ST7735_WriteData)
    i.ST7735_WriteString                     0x08001a2e   Section        0  st7735_tft_spi.o(i.ST7735_WriteString)
    i.ST7735_delay                           0x08001aa6   Section        0  st7735_tft_spi.o(i.ST7735_delay)
    ST7735_delay                             0x08001aa7   Thumb Code    12  st7735_tft_spi.o(i.ST7735_delay)
    i.SetSysClock                            0x08001ab2   Section        0  system_stm32f10x.o(i.SetSysClock)
    SetSysClock                              0x08001ab3   Thumb Code     8  system_stm32f10x.o(i.SetSysClock)
    i.SetSysClockTo72                        0x08001abc   Section        0  system_stm32f10x.o(i.SetSysClockTo72)
    SetSysClockTo72                          0x08001abd   Thumb Code   214  system_stm32f10x.o(i.SetSysClockTo72)
    i.SysTick_Handler                        0x08001b9c   Section        0  port.o(i.SysTick_Handler)
    i.SystemInit                             0x08001bd0   Section        0  system_stm32f10x.o(i.SystemInit)
    i.TIM_ARRPreloadConfig                   0x08001c30   Section        0  stm32f10x_tim.o(i.TIM_ARRPreloadConfig)
    i.TIM_Cmd                                0x08001c48   Section        0  stm32f10x_tim.o(i.TIM_Cmd)
    i.TIM_CtrlPWMOutputs                     0x08001c60   Section        0  stm32f10x_tim.o(i.TIM_CtrlPWMOutputs)
    i.TIM_GetCounter                         0x08001c7e   Section        0  stm32f10x_tim.o(i.TIM_GetCounter)
    i.TIM_OC1Init                            0x08001c84   Section        0  stm32f10x_tim.o(i.TIM_OC1Init)
    i.TIM_OC1PreloadConfig                   0x08001d1c   Section        0  stm32f10x_tim.o(i.TIM_OC1PreloadConfig)
    i.TIM_SetCounter                         0x08001d2e   Section        0  stm32f10x_tim.o(i.TIM_SetCounter)
    i.TIM_TimeBaseInit                       0x08001d34   Section        0  stm32f10x_tim.o(i.TIM_TimeBaseInit)
    i.Task_Buzzer                            0x08001dd8   Section        0  main.o(i.Task_Buzzer)
    Task_Buzzer                              0x08001dd9   Thumb Code    48  main.o(i.Task_Buzzer)
    i.Task_Cycle_Excution                    0x08001e10   Section        0  main.o(i.Task_Cycle_Excution)
    Task_Cycle_Excution                      0x08001e11   Thumb Code  1506  main.o(i.Task_Cycle_Excution)
    i.Task_Read_Peripheral                   0x0800241c   Section        0  main.o(i.Task_Read_Peripheral)
    Task_Read_Peripheral                     0x0800241d   Thumb Code  1060  main.o(i.Task_Read_Peripheral)
    i.Task_TFT                               0x08002840   Section        0  main.o(i.Task_TFT)
    Task_TFT                                 0x08002841   Thumb Code  1530  main.o(i.Task_TFT)
    i.__0sprintf                             0x08002ea0   Section        0  printfa.o(i.__0sprintf)
    i.__mathlib_flt_divzero                  0x08002ec8   Section        0  funder.o(i.__mathlib_flt_divzero)
    i.__mathlib_flt_infnan                   0x08002ed2   Section        0  funder.o(i.__mathlib_flt_infnan)
    i.__mathlib_flt_invalid                  0x08002ed8   Section        0  funder.o(i.__mathlib_flt_invalid)
    i.__scatterload_copy                     0x08002ee0   Section       14  handlers.o(i.__scatterload_copy)
    i.__scatterload_null                     0x08002eee   Section        2  handlers.o(i.__scatterload_null)
    i.__scatterload_zeroinit                 0x08002ef0   Section       14  handlers.o(i.__scatterload_zeroinit)
    i.__set_errno                            0x08002f00   Section        0  errno.o(i.__set_errno)
    i._fp_digits                             0x08002f0c   Section        0  printfa.o(i._fp_digits)
    _fp_digits                               0x08002f0d   Thumb Code   366  printfa.o(i._fp_digits)
    i._printf_core                           0x08003090   Section        0  printfa.o(i._printf_core)
    _printf_core                             0x08003091   Thumb Code  1744  printfa.o(i._printf_core)
    i._printf_post_padding                   0x0800376c   Section        0  printfa.o(i._printf_post_padding)
    _printf_post_padding                     0x0800376d   Thumb Code    36  printfa.o(i._printf_post_padding)
    i._printf_pre_padding                    0x08003790   Section        0  printfa.o(i._printf_pre_padding)
    _printf_pre_padding                      0x08003791   Thumb Code    46  printfa.o(i._printf_pre_padding)
    i._sputc                                 0x080037be   Section        0  printfa.o(i._sputc)
    _sputc                                   0x080037bf   Thumb Code    10  printfa.o(i._sputc)
    i.fis_MF_out                             0x080037c8   Section        0  fuzzy_logic.o(i.fis_MF_out)
    i.fis_array_operation                    0x08003880   Section        0  fuzzy_logic.o(i.fis_array_operation)
    i.fis_defuzz_centroid                    0x080038c4   Section        0  fuzzy_logic.o(i.fis_defuzz_centroid)
    i.fis_evaluate                           0x08003984   Section        0  fuzzy_logic.o(i.fis_evaluate)
    i.fis_trapmf                             0x08003c5c   Section        0  fuzzy_logic.o(i.fis_trapmf)
    i.fis_trimf                              0x08003d12   Section        0  fuzzy_logic.o(i.fis_trimf)
    i.logf                                   0x08003e40   Section        0  logf.o(i.logf)
    i.main                                   0x08003fd0   Section        0  main.o(i.main)
    i.prvAddCurrentTaskToDelayedList         0x08004100   Section        0  tasks.o(i.prvAddCurrentTaskToDelayedList)
    prvAddCurrentTaskToDelayedList           0x08004101   Thumb Code   164  tasks.o(i.prvAddCurrentTaskToDelayedList)
    i.prvAddNewTaskToReadyList               0x080041c0   Section        0  tasks.o(i.prvAddNewTaskToReadyList)
    prvAddNewTaskToReadyList                 0x080041c1   Thumb Code   200  tasks.o(i.prvAddNewTaskToReadyList)
    i.prvCheckTasksWaitingTermination        0x080042a4   Section        0  tasks.o(i.prvCheckTasksWaitingTermination)
    prvCheckTasksWaitingTermination          0x080042a5   Thumb Code    60  tasks.o(i.prvCheckTasksWaitingTermination)
    i.prvCopyDataFromQueue                   0x080042ec   Section        0  queue.o(i.prvCopyDataFromQueue)
    prvCopyDataFromQueue                     0x080042ed   Thumb Code    42  queue.o(i.prvCopyDataFromQueue)
    i.prvCopyDataToQueue                     0x08004316   Section        0  queue.o(i.prvCopyDataToQueue)
    prvCopyDataToQueue                       0x08004317   Thumb Code   106  queue.o(i.prvCopyDataToQueue)
    i.prvDeleteTCB                           0x08004380   Section        0  tasks.o(i.prvDeleteTCB)
    prvDeleteTCB                             0x08004381   Thumb Code    18  tasks.o(i.prvDeleteTCB)
    i.prvHeapInit                            0x08004394   Section        0  heap_4.o(i.prvHeapInit)
    prvHeapInit                              0x08004395   Thumb Code    90  heap_4.o(i.prvHeapInit)
    i.prvIdleTask                            0x08004404   Section        0  tasks.o(i.prvIdleTask)
    prvIdleTask                              0x08004405   Thumb Code    32  tasks.o(i.prvIdleTask)
    i.prvInitialiseNewQueue                  0x0800442c   Section        0  queue.o(i.prvInitialiseNewQueue)
    prvInitialiseNewQueue                    0x0800442d   Thumb Code    42  queue.o(i.prvInitialiseNewQueue)
    i.prvInitialiseNewTask                   0x08004456   Section        0  tasks.o(i.prvInitialiseNewTask)
    prvInitialiseNewTask                     0x08004457   Thumb Code   122  tasks.o(i.prvInitialiseNewTask)
    i.prvInitialiseTaskLists                 0x080044d0   Section        0  tasks.o(i.prvInitialiseTaskLists)
    prvInitialiseTaskLists                   0x080044d1   Thumb Code    70  tasks.o(i.prvInitialiseTaskLists)
    i.prvInsertBlockIntoFreeList             0x08004538   Section        0  heap_4.o(i.prvInsertBlockIntoFreeList)
    prvInsertBlockIntoFreeList               0x08004539   Thumb Code    96  heap_4.o(i.prvInsertBlockIntoFreeList)
    i.prvIsQueueEmpty                        0x080045a0   Section        0  queue.o(i.prvIsQueueEmpty)
    prvIsQueueEmpty                          0x080045a1   Thumb Code    26  queue.o(i.prvIsQueueEmpty)
    i.prvIsQueueFull                         0x080045ba   Section        0  queue.o(i.prvIsQueueFull)
    prvIsQueueFull                           0x080045bb   Thumb Code    30  queue.o(i.prvIsQueueFull)
    i.prvNotifyQueueSetContainer             0x080045d8   Section        0  queue.o(i.prvNotifyQueueSetContainer)
    prvNotifyQueueSetContainer               0x080045d9   Thumb Code    88  queue.o(i.prvNotifyQueueSetContainer)
    i.prvResetNextTaskUnblockTime            0x08004630   Section        0  tasks.o(i.prvResetNextTaskUnblockTime)
    prvResetNextTaskUnblockTime              0x08004631   Thumb Code    40  tasks.o(i.prvResetNextTaskUnblockTime)
    i.prvTaskExitError                       0x08004660   Section        0  port.o(i.prvTaskExitError)
    prvTaskExitError                         0x08004661   Thumb Code    22  port.o(i.prvTaskExitError)
    i.prvTaskIsTaskSuspended                 0x08004678   Section        0  tasks.o(i.prvTaskIsTaskSuspended)
    prvTaskIsTaskSuspended                   0x08004679   Thumb Code    56  tasks.o(i.prvTaskIsTaskSuspended)
    i.prvUnlockQueue                         0x080046b8   Section        0  queue.o(i.prvUnlockQueue)
    prvUnlockQueue                           0x080046b9   Thumb Code   144  queue.o(i.prvUnlockQueue)
    i.pvPortMalloc                           0x08004748   Section        0  heap_4.o(i.pvPortMalloc)
    i.pxPortInitialiseStack                  0x0800482c   Section        0  port.o(i.pxPortInitialiseStack)
    i.uxListRemove                           0x08004850   Section        0  list.o(i.uxListRemove)
    i.uxTaskGetNumberOfTasks                 0x08004878   Section        0  tasks.o(i.uxTaskGetNumberOfTasks)
    i.vListInitialise                        0x08004884   Section        0  list.o(i.vListInitialise)
    i.vListInitialiseItem                    0x0800489e   Section        0  list.o(i.vListInitialiseItem)
    i.vListInsert                            0x080048a4   Section        0  list.o(i.vListInsert)
    i.vListInsertEnd                         0x080048d8   Section        0  list.o(i.vListInsertEnd)
    i.vPortEnterCritical                     0x080048f0   Section        0  port.o(i.vPortEnterCritical)
    i.vPortExitCritical                      0x08004914   Section        0  port.o(i.vPortExitCritical)
    i.vPortFree                              0x08004934   Section        0  heap_4.o(i.vPortFree)
    i.vPortSetupTimerInterrupt               0x08004980   Section        0  port.o(i.vPortSetupTimerInterrupt)
    i.vTaskDelay                             0x08004998   Section        0  tasks.o(i.vTaskDelay)
    i.vTaskInternalSetTimeOutState           0x080049cc   Section        0  tasks.o(i.vTaskInternalSetTimeOutState)
    i.vTaskMissedYield                       0x080049e4   Section        0  tasks.o(i.vTaskMissedYield)
    i.vTaskPlaceOnEventList                  0x080049f0   Section        0  tasks.o(i.vTaskPlaceOnEventList)
    i.vTaskResume                            0x08004a10   Section        0  tasks.o(i.vTaskResume)
    i.vTaskStartScheduler                    0x08004abc   Section        0  tasks.o(i.vTaskStartScheduler)
    i.vTaskSuspend                           0x08004b28   Section        0  tasks.o(i.vTaskSuspend)
    i.vTaskSuspendAll                        0x08004c00   Section        0  tasks.o(i.vTaskSuspendAll)
    i.vTaskSwitchContext                     0x08004c10   Section        0  tasks.o(i.vTaskSwitchContext)
    i.vienChonCheDo                          0x08004c70   Section        0  main.o(i.vienChonCheDo)
    i.xPortStartScheduler                    0x08004d8c   Section        0  port.o(i.xPortStartScheduler)
    i.xQueueAddToSet                         0x08004dc0   Section        0  queue.o(i.xQueueAddToSet)
    i.xQueueCreateSet                        0x08004de6   Section        0  queue.o(i.xQueueCreateSet)
    i.xQueueGenericCreate                    0x08004dfa   Section        0  queue.o(i.xQueueGenericCreate)
    i.xQueueGenericReset                     0x08004e48   Section        0  queue.o(i.xQueueGenericReset)
    i.xQueueGenericSend                      0x08004ee8   Section        0  queue.o(i.xQueueGenericSend)
    i.xQueueReceive                          0x08005030   Section        0  queue.o(i.xQueueReceive)
    i.xQueueSelectFromSet                    0x08005134   Section        0  queue.o(i.xQueueSelectFromSet)
    i.xQueueSemaphoreTake                    0x0800514c   Section        0  queue.o(i.xQueueSemaphoreTake)
    i.xTaskCheckForTimeOut                   0x0800523c   Section        0  tasks.o(i.xTaskCheckForTimeOut)
    i.xTaskCreate                            0x0800529c   Section        0  tasks.o(i.xTaskCreate)
    i.xTaskGetTickCount                      0x08005304   Section        0  tasks.o(i.xTaskGetTickCount)
    i.xTaskIncrementTick                     0x08005310   Section        0  tasks.o(i.xTaskIncrementTick)
    i.xTaskRemoveFromEventList               0x080054a0   Section        0  tasks.o(i.xTaskRemoveFromEventList)
    i.xTaskResumeAll                         0x080055a8   Section        0  tasks.o(i.xTaskResumeAll)
    .constdata                               0x08005704   Section    41075  main.o(.constdata)
    Init_Cmds1                               0x0800f704   Data          59  main.o(.constdata)
    Init_Cmds2                               0x0800f73f   Data          13  main.o(.constdata)
    Init_Cmds3                               0x0800f74c   Data          43  main.o(.constdata)
    .constdata                               0x0800f778   Section     1180  font.o(.constdata)
    Font7x10                                 0x0800f778   Data        1180  font.o(.constdata)
    .constdata                               0x0800fc14   Section      115  st7735_tft_spi.o(.constdata)
    Init_Cmds1                               0x0800fc14   Data          59  st7735_tft_spi.o(.constdata)
    Init_Cmds2                               0x0800fc4f   Data          13  st7735_tft_spi.o(.constdata)
    Init_Cmds3                               0x0800fc5c   Data          43  st7735_tft_spi.o(.constdata)
    .constdata                               0x0800fc88   Section       64  logf.o(.constdata)
    logahi                                   0x0800fc88   Data          32  logf.o(.constdata)
    logalo                                   0x0800fca8   Data          32  logf.o(.constdata)
    .data                                    0x20000000   Section       43  main.o(.data)
    tenKieuGiat                              0x20000020   Data           4  main.o(.data)
    u8tongThoiGian                           0x20000024   Data           1  main.o(.data)
    u8thoiGianGiat                           0x20000025   Data           1  main.o(.data)
    u8thoiGianXa                             0x20000026   Data           1  main.o(.data)
    u8thoiGianVat                            0x20000027   Data           1  main.o(.data)
    demThoiGian                              0x20000028   Data           1  main.o(.data)
    thoiGianNghi                             0x20000029   Data           1  main.o(.data)
    RightOrLeft                              0x2000002a   Data           1  main.o(.data)
    .data                                    0x2000002c   Section       36  kieugiat.o(.data)
    .data                                    0x20000050   Section      400  fuzzy_logic.o(.data)
    .data                                    0x200001e0   Section        8  font.o(.data)
    .data                                    0x200001e8   Section       64  tasks.o(.data)
    pxDelayedTaskList                        0x200001ec   Data           4  tasks.o(.data)
    pxOverflowDelayedTaskList                0x200001f0   Data           4  tasks.o(.data)
    uxDeletedTasksWaitingCleanUp             0x200001f4   Data           4  tasks.o(.data)
    uxCurrentNumberOfTasks                   0x200001f8   Data           4  tasks.o(.data)
    xTickCount                               0x200001fc   Data           4  tasks.o(.data)
    uxTopReadyPriority                       0x20000200   Data           4  tasks.o(.data)
    xSchedulerRunning                        0x20000204   Data           4  tasks.o(.data)
    xPendedTicks                             0x20000208   Data           4  tasks.o(.data)
    xYieldPending                            0x2000020c   Data           4  tasks.o(.data)
    xNumOfOverflows                          0x20000210   Data           4  tasks.o(.data)
    uxTaskNumber                             0x20000214   Data           4  tasks.o(.data)
    xNextTaskUnblockTime                     0x20000218   Data           4  tasks.o(.data)
    xIdleTaskHandle                          0x2000021c   Data           4  tasks.o(.data)
    uxSchedulerSuspended                     0x20000224   Data           4  tasks.o(.data)
    .data                                    0x20000228   Section        4  port.o(.data)
    uxCriticalNesting                        0x20000228   Data           4  port.o(.data)
    .data                                    0x2000022c   Section       28  heap_4.o(.data)
    xStart                                   0x2000022c   Data           8  heap_4.o(.data)
    pxEnd                                    0x20000234   Data           4  heap_4.o(.data)
    xFreeBytesRemaining                      0x20000238   Data           4  heap_4.o(.data)
    xMinimumEverFreeBytesRemaining           0x2000023c   Data           4  heap_4.o(.data)
    xNumberOfSuccessfulAllocations           0x20000240   Data           4  heap_4.o(.data)
    xNumberOfSuccessfulFrees                 0x20000244   Data           4  heap_4.o(.data)
    .data                                    0x20000248   Section        4  rand.o(.data)
    _rand_state                              0x20000248   Data           4  rand.o(.data)
    .data                                    0x2000024c   Section        4  errno.o(.data)
    _errno                                   0x2000024c   Data           4  errno.o(.data)
    .bss                                     0x20000250   Section      200  tasks.o(.bss)
    pxReadyTasksLists                        0x20000250   Data         100  tasks.o(.bss)
    xDelayedTaskList1                        0x200002b4   Data          20  tasks.o(.bss)
    xDelayedTaskList2                        0x200002c8   Data          20  tasks.o(.bss)
    xPendingReadyList                        0x200002dc   Data          20  tasks.o(.bss)
    xTasksWaitingTermination                 0x200002f0   Data          20  tasks.o(.bss)
    xSuspendedTaskList                       0x20000304   Data          20  tasks.o(.bss)
    .bss                                     0x20000318   Section    17408  heap_4.o(.bss)
    ucHeap                                   0x20000318   Data       17408  heap_4.o(.bss)
    STACK                                    0x20004718   Section     1024  startup_stm32f10x_md.o(STACK)

    Global Symbols

    Symbol Name                              Value     Ov Type        Size  Object(Section)

    BuildAttributes$$THM_ISAv4$P$D$K$B$S$PE$A:L22UL41UL21$X:L11$S22US41US21$IEEE1$IW$USESV6$~STKCKD$USESV7$~SHL$OTIME$ROPI$IEEEX$EBA8$MICROLIB$REQ8$PRES8$EABIv2 0x00000000   Number         0  anon$$obj.o ABSOLUTE
    __ARM_use_no_argv                        0x00000000   Number         0  main.o ABSOLUTE
    _printf_a                                0x00000000   Number         0  stubs.o ABSOLUTE
    _printf_c                                0x00000000   Number         0  stubs.o ABSOLUTE
    _printf_charcount                        0x00000000   Number         0  stubs.o ABSOLUTE
    _printf_d                                0x00000000   Number         0  stubs.o ABSOLUTE
    _printf_e                                0x00000000   Number         0  stubs.o ABSOLUTE
    _printf_f                                0x00000000   Number         0  stubs.o ABSOLUTE
    _printf_flags                            0x00000000   Number         0  stubs.o ABSOLUTE
    _printf_fp_dec                           0x00000000   Number         0  stubs.o ABSOLUTE
    _printf_fp_hex                           0x00000000   Number         0  stubs.o ABSOLUTE
    _printf_g                                0x00000000   Number         0  stubs.o ABSOLUTE
    _printf_i                                0x00000000   Number         0  stubs.o ABSOLUTE
    _printf_int_dec                          0x00000000   Number         0  stubs.o ABSOLUTE
    _printf_l                                0x00000000   Number         0  stubs.o ABSOLUTE
    _printf_lc                               0x00000000   Number         0  stubs.o ABSOLUTE
    _printf_ll                               0x00000000   Number         0  stubs.o ABSOLUTE
    _printf_lld                              0x00000000   Number         0  stubs.o ABSOLUTE
    _printf_lli                              0x00000000   Number         0  stubs.o ABSOLUTE
    _printf_llo                              0x00000000   Number         0  stubs.o ABSOLUTE
    _printf_llu                              0x00000000   Number         0  stubs.o ABSOLUTE
    _printf_llx                              0x00000000   Number         0  stubs.o ABSOLUTE
    _printf_longlong_dec                     0x00000000   Number         0  stubs.o ABSOLUTE
    _printf_longlong_hex                     0x00000000   Number         0  stubs.o ABSOLUTE
    _printf_longlong_oct                     0x00000000   Number         0  stubs.o ABSOLUTE
    _printf_ls                               0x00000000   Number         0  stubs.o ABSOLUTE
    _printf_mbtowc                           0x00000000   Number         0  stubs.o ABSOLUTE
    _printf_n                                0x00000000   Number         0  stubs.o ABSOLUTE
    _printf_o                                0x00000000   Number         0  stubs.o ABSOLUTE
    _printf_p                                0x00000000   Number         0  stubs.o ABSOLUTE
    _printf_percent                          0x00000000   Number         0  stubs.o ABSOLUTE
    _printf_pre_padding                      0x00000000   Number         0  stubs.o ABSOLUTE
    _printf_return_value                     0x00000000   Number         0  stubs.o ABSOLUTE
    _printf_s                                0x00000000   Number         0  stubs.o ABSOLUTE
    _printf_sizespec                         0x00000000   Number         0  stubs.o ABSOLUTE
    _printf_str                              0x00000000   Number         0  stubs.o ABSOLUTE
    _printf_truncate_signed                  0x00000000   Number         0  stubs.o ABSOLUTE
    _printf_truncate_unsigned                0x00000000   Number         0  stubs.o ABSOLUTE
    _printf_u                                0x00000000   Number         0  stubs.o ABSOLUTE
    _printf_wc                               0x00000000   Number         0  stubs.o ABSOLUTE
    _printf_wctomb                           0x00000000   Number         0  stubs.o ABSOLUTE
    _printf_widthprec                        0x00000000   Number         0  stubs.o ABSOLUTE
    _printf_x                                0x00000000   Number         0  stubs.o ABSOLUTE
    __cpp_initialize__aeabi_                  - Undefined Weak Reference
    __cxa_finalize                            - Undefined Weak Reference
    _clock_init                               - Undefined Weak Reference
    _microlib_exit                            - Undefined Weak Reference
    __Vectors_Size                           0x000000ec   Number         0  startup_stm32f10x_md.o ABSOLUTE
    __Vectors                                0x08000000   Data           4  startup_stm32f10x_md.o(RESET)
    __Vectors_End                            0x080000ec   Data           0  startup_stm32f10x_md.o(RESET)
    __main                                   0x080000ed   Thumb Code     0  entry.o(.ARM.Collect$$$$00000000)
    _main_stk                                0x080000ed   Thumb Code     0  entry2.o(.ARM.Collect$$$$00000001)
    _main_scatterload                        0x080000f1   Thumb Code     0  entry5.o(.ARM.Collect$$$$00000004)
    __main_after_scatterload                 0x080000f5   Thumb Code     0  entry5.o(.ARM.Collect$$$$00000004)
    _main_clock                              0x080000f5   Thumb Code     0  entry7b.o(.ARM.Collect$$$$00000008)
    _main_cpp_init                           0x080000f5   Thumb Code     0  entry8b.o(.ARM.Collect$$$$0000000A)
    _main_init                               0x080000f5   Thumb Code     0  entry9a.o(.ARM.Collect$$$$0000000B)
    __rt_final_cpp                           0x080000fd   Thumb Code     0  entry10a.o(.ARM.Collect$$$$0000000D)
    __rt_final_exit                          0x080000fd   Thumb Code     0  entry11a.o(.ARM.Collect$$$$0000000F)
    SVC_Handler                              0x08000101   Thumb Code    32  port.o(.emb_text)
    __asm___6_port_c_39a90d8d__prvStartFirstTask 0x08000125   Thumb Code    28  port.o(.emb_text)
    PendSV_Handler                           0x08000145   Thumb Code    72  port.o(.emb_text)
    vPortGetIPSR                             0x08000191   Thumb Code     6  port.o(.emb_text)
    Reset_Handler                            0x08000199   Thumb Code     8  startup_stm32f10x_md.o(.text)
    NMI_Handler                              0x080001a1   Thumb Code     2  startup_stm32f10x_md.o(.text)
    HardFault_Handler                        0x080001a3   Thumb Code     2  startup_stm32f10x_md.o(.text)
    MemManage_Handler                        0x080001a5   Thumb Code     2  startup_stm32f10x_md.o(.text)
    BusFault_Handler                         0x080001a7   Thumb Code     2  startup_stm32f10x_md.o(.text)
    UsageFault_Handler                       0x080001a9   Thumb Code     2  startup_stm32f10x_md.o(.text)
    DebugMon_Handler                         0x080001ad   Thumb Code     2  startup_stm32f10x_md.o(.text)
    ADC1_2_IRQHandler                        0x080001b3   Thumb Code     0  startup_stm32f10x_md.o(.text)
    CAN1_RX1_IRQHandler                      0x080001b3   Thumb Code     0  startup_stm32f10x_md.o(.text)
    CAN1_SCE_IRQHandler                      0x080001b3   Thumb Code     0  startup_stm32f10x_md.o(.text)
    DMA1_Channel1_IRQHandler                 0x080001b3   Thumb Code     0  startup_stm32f10x_md.o(.text)
    DMA1_Channel2_IRQHandler                 0x080001b3   Thumb Code     0  startup_stm32f10x_md.o(.text)
    DMA1_Channel4_IRQHandler                 0x080001b3   Thumb Code     0  startup_stm32f10x_md.o(.text)
    DMA1_Channel6_IRQHandler                 0x080001b3   Thumb Code     0  startup_stm32f10x_md.o(.text)
    DMA1_Channel7_IRQHandler                 0x080001b3   Thumb Code     0  startup_stm32f10x_md.o(.text)
    EXTI0_IRQHandler                         0x080001b3   Thumb Code     0  startup_stm32f10x_md.o(.text)
    EXTI15_10_IRQHandler                     0x080001b3   Thumb Code     0  startup_stm32f10x_md.o(.text)
    EXTI1_IRQHandler                         0x080001b3   Thumb Code     0  startup_stm32f10x_md.o(.text)
    EXTI2_IRQHandler                         0x080001b3   Thumb Code     0  startup_stm32f10x_md.o(.text)
    EXTI3_IRQHandler                         0x080001b3   Thumb Code     0  startup_stm32f10x_md.o(.text)
    EXTI4_IRQHandler                         0x080001b3   Thumb Code     0  startup_stm32f10x_md.o(.text)
    EXTI9_5_IRQHandler                       0x080001b3   Thumb Code     0  startup_stm32f10x_md.o(.text)
    FLASH_IRQHandler                         0x080001b3   Thumb Code     0  startup_stm32f10x_md.o(.text)
    I2C1_ER_IRQHandler                       0x080001b3   Thumb Code     0  startup_stm32f10x_md.o(.text)
    I2C1_EV_IRQHandler                       0x080001b3   Thumb Code     0  startup_stm32f10x_md.o(.text)
    I2C2_ER_IRQHandler                       0x080001b3   Thumb Code     0  startup_stm32f10x_md.o(.text)
    I2C2_EV_IRQHandler                       0x080001b3   Thumb Code     0  startup_stm32f10x_md.o(.text)
    PVD_IRQHandler                           0x080001b3   Thumb Code     0  startup_stm32f10x_md.o(.text)
    RCC_IRQHandler                           0x080001b3   Thumb Code     0  startup_stm32f10x_md.o(.text)
    RTCAlarm_IRQHandler                      0x080001b3   Thumb Code     0  startup_stm32f10x_md.o(.text)
    RTC_IRQHandler                           0x080001b3   Thumb Code     0  startup_stm32f10x_md.o(.text)
    SPI1_IRQHandler                          0x080001b3   Thumb Code     0  startup_stm32f10x_md.o(.text)
    SPI2_IRQHandler                          0x080001b3   Thumb Code     0  startup_stm32f10x_md.o(.text)
    TAMPER_IRQHandler                        0x080001b3   Thumb Code     0  startup_stm32f10x_md.o(.text)
    TIM1_BRK_IRQHandler                      0x080001b3   Thumb Code     0  startup_stm32f10x_md.o(.text)
    TIM1_CC_IRQHandler                       0x080001b3   Thumb Code     0  startup_stm32f10x_md.o(.text)
    TIM1_TRG_COM_IRQHandler                  0x080001b3   Thumb Code     0  startup_stm32f10x_md.o(.text)
    TIM1_UP_IRQHandler                       0x080001b3   Thumb Code     0  startup_stm32f10x_md.o(.text)
    TIM2_IRQHandler                          0x080001b3   Thumb Code     0  startup_stm32f10x_md.o(.text)
    TIM3_IRQHandler                          0x080001b3   Thumb Code     0  startup_stm32f10x_md.o(.text)
    TIM4_IRQHandler                          0x080001b3   Thumb Code     0  startup_stm32f10x_md.o(.text)
    USART1_IRQHandler                        0x080001b3   Thumb Code     0  startup_stm32f10x_md.o(.text)
    USART2_IRQHandler                        0x080001b3   Thumb Code     0  startup_stm32f10x_md.o(.text)
    USART3_IRQHandler                        0x080001b3   Thumb Code     0  startup_stm32f10x_md.o(.text)
    USBWakeUp_IRQHandler                     0x080001b3   Thumb Code     0  startup_stm32f10x_md.o(.text)
    USB_HP_CAN1_TX_IRQHandler                0x080001b3   Thumb Code     0  startup_stm32f10x_md.o(.text)
    USB_LP_CAN1_RX0_IRQHandler               0x080001b3   Thumb Code     0  startup_stm32f10x_md.o(.text)
    WWDG_IRQHandler                          0x080001b3   Thumb Code     0  startup_stm32f10x_md.o(.text)
    rand                                     0x080001bd   Thumb Code    20  rand.o(.text)
    srand                                    0x080001d1   Thumb Code     6  rand.o(.text)
    __aeabi_memcpy                           0x080001e1   Thumb Code    36  memcpya.o(.text)
    __aeabi_memcpy4                          0x080001e1   Thumb Code     0  memcpya.o(.text)
    __aeabi_memcpy8                          0x080001e1   Thumb Code     0  memcpya.o(.text)
    __aeabi_memset                           0x08000205   Thumb Code    14  memseta.o(.text)
    __aeabi_memset4                          0x08000205   Thumb Code     0  memseta.o(.text)
    __aeabi_memset8                          0x08000205   Thumb Code     0  memseta.o(.text)
    __aeabi_memclr                           0x08000213   Thumb Code     4  memseta.o(.text)
    __aeabi_memclr4                          0x08000213   Thumb Code     0  memseta.o(.text)
    __aeabi_memclr8                          0x08000213   Thumb Code     0  memseta.o(.text)
    _memset$wrapper                          0x08000217   Thumb Code    18  memseta.o(.text)
    __aeabi_fadd                             0x08000229   Thumb Code   164  fadd.o(.text)
    __aeabi_fsub                             0x080002cd   Thumb Code     6  fadd.o(.text)
    __aeabi_frsub                            0x080002d3   Thumb Code     6  fadd.o(.text)
    __aeabi_fmul                             0x080002d9   Thumb Code   100  fmul.o(.text)
    __aeabi_fdiv                             0x0800033d   Thumb Code   124  fdiv.o(.text)
    __aeabi_i2f                              0x080003b9   Thumb Code    18  fflti.o(.text)
    __aeabi_ui2f                             0x080003cb   Thumb Code    10  ffltui.o(.text)
    __aeabi_f2uiz                            0x080003d5   Thumb Code    40  ffixui.o(.text)
    __aeabi_f2d                              0x080003fd   Thumb Code    38  f2d.o(.text)
    __aeabi_cfcmpeq                          0x08000425   Thumb Code     0  cfcmple.o(.text)
    __aeabi_cfcmple                          0x08000425   Thumb Code    20  cfcmple.o(.text)
    __aeabi_cfrcmple                         0x08000439   Thumb Code    20  cfrcmple.o(.text)
    __aeabi_uidiv                            0x0800044d   Thumb Code     0  uidiv.o(.text)
    __aeabi_uidivmod                         0x0800044d   Thumb Code    44  uidiv.o(.text)
    __aeabi_uldivmod                         0x08000479   Thumb Code    98  uldiv.o(.text)
    __I$use$fp                               0x080004db   Thumb Code     0  iusefp.o(.text)
    _float_round                             0x080004db   Thumb Code    18  fepilogue.o(.text)
    _float_epilogue                          0x080004ed   Thumb Code    92  fepilogue.o(.text)
    __ARM_scalbnf                            0x08000549   Thumb Code    24  fscalb.o(.text)
    scalbnf                                  0x08000549   Thumb Code     0  fscalb.o(.text)
    __aeabi_dadd                             0x08000561   Thumb Code   322  dadd.o(.text)
    __aeabi_dsub                             0x080006a3   Thumb Code     6  dadd.o(.text)
    __aeabi_drsub                            0x080006a9   Thumb Code     6  dadd.o(.text)
    __aeabi_dmul                             0x080006af   Thumb Code   228  dmul.o(.text)
    __aeabi_ddiv                             0x08000793   Thumb Code   222  ddiv.o(.text)
    __aeabi_d2ulz                            0x08000871   Thumb Code    48  dfixul.o(.text)
    __aeabi_cdrcmple                         0x080008a1   Thumb Code    48  cdrcmple.o(.text)
    __scatterload                            0x080008d1   Thumb Code    28  init.o(.text)
    __scatterload_rt2                        0x080008d1   Thumb Code     0  init.o(.text)
    __aeabi_llsl                             0x080008f5   Thumb Code    30  llshl.o(.text)
    _ll_shift_l                              0x080008f5   Thumb Code     0  llshl.o(.text)
    __aeabi_llsr                             0x08000913   Thumb Code    32  llushr.o(.text)
    _ll_ushift_r                             0x08000913   Thumb Code     0  llushr.o(.text)
    __aeabi_lasr                             0x08000933   Thumb Code    36  llsshr.o(.text)
    _ll_sshift_r                             0x08000933   Thumb Code     0  llsshr.o(.text)
    _double_round                            0x08000957   Thumb Code    30  depilogue.o(.text)
    _double_epilogue                         0x08000975   Thumb Code   156  depilogue.o(.text)
    __decompress                             0x08000a11   Thumb Code     0  __dczerorl2.o(.text)
    __decompress1                            0x08000a11   Thumb Code    86  __dczerorl2.o(.text)
    ADC_Cmd                                  0x08000a67   Thumb Code    22  stm32f10x_adc.o(i.ADC_Cmd)
    ADC_DMACmd                               0x08000a7d   Thumb Code    22  stm32f10x_adc.o(i.ADC_DMACmd)
    ADC_DMA_Configuration                    0x08000a95   Thumb Code   238  main.o(i.ADC_DMA_Configuration)
    ADC_GetCalibrationStatus                 0x08000b91   Thumb Code    20  stm32f10x_adc.o(i.ADC_GetCalibrationStatus)
    ADC_GetResetCalibrationStatus            0x08000ba5   Thumb Code    20  stm32f10x_adc.o(i.ADC_GetResetCalibrationStatus)
    ADC_Init                                 0x08000bb9   Thumb Code    70  stm32f10x_adc.o(i.ADC_Init)
    ADC_RegularChannelConfig                 0x08000c09   Thumb Code   184  stm32f10x_adc.o(i.ADC_RegularChannelConfig)
    ADC_ResetCalibration                     0x08000cc1   Thumb Code    10  stm32f10x_adc.o(i.ADC_ResetCalibration)
    ADC_SoftwareStartConvCmd                 0x08000ccb   Thumb Code    22  stm32f10x_adc.o(i.ADC_SoftwareStartConvCmd)
    ADC_StartCalibration                     0x08000ce1   Thumb Code    10  stm32f10x_adc.o(i.ADC_StartCalibration)
    DMA1_Channel3_IRQHandler                 0x08000ceb   Thumb Code    22  spi.o(i.DMA1_Channel3_IRQHandler)
    DMA1_Channel5_IRQHandler                 0x08000d01   Thumb Code    22  spi.o(i.DMA1_Channel5_IRQHandler)
    DMA_ClearITPendingBit                    0x08000d19   Thumb Code    18  stm32f10x_dma.o(i.DMA_ClearITPendingBit)
    DMA_Cmd                                  0x08000d35   Thumb Code    24  stm32f10x_dma.o(i.DMA_Cmd)
    DMA_DeInit                               0x08000d4d   Thumb Code   324  stm32f10x_dma.o(i.DMA_DeInit)
    DMA_GetITStatus                          0x08000e99   Thumb Code    36  stm32f10x_dma.o(i.DMA_GetITStatus)
    DMA_ITConfig                             0x08000ec5   Thumb Code    18  stm32f10x_dma.o(i.DMA_ITConfig)
    DMA_Init                                 0x08000ed7   Thumb Code    60  stm32f10x_dma.o(i.DMA_Init)
    Delay_Timer_Init                         0x08000f15   Thumb Code    48  delay_timer.o(i.Delay_Timer_Init)
    Delay_ms                                 0x08000f49   Thumb Code    26  delay_timer.o(i.Delay_ms)
    Delay_us                                 0x08000f65   Thumb Code    26  delay_timer.o(i.Delay_us)
    Fuzzy_Logic_Input                        0x08000f85   Thumb Code     8  fuzzy_logic.o(i.Fuzzy_Logic_Input)
    Fuzzy_Logic_Output                       0x08000f91   Thumb Code    16  fuzzy_logic.o(i.Fuzzy_Logic_Output)
    GPIO_Configuration                       0x08000fa5   Thumb Code   192  main.o(i.GPIO_Configuration)
    GPIO_Init                                0x08001071   Thumb Code   278  stm32f10x_gpio.o(i.GPIO_Init)
    GPIO_ReadInputDataBit                    0x08001187   Thumb Code    18  stm32f10x_gpio.o(i.GPIO_ReadInputDataBit)
    GPIO_ResetBits                           0x08001199   Thumb Code     4  stm32f10x_gpio.o(i.GPIO_ResetBits)
    GPIO_SetBits                             0x0800119d   Thumb Code     4  stm32f10x_gpio.o(i.GPIO_SetBits)
    GPIO_WriteBit                            0x080011a1   Thumb Code    10  stm32f10x_gpio.o(i.GPIO_WriteBit)
    HX711_Init                               0x080011ad   Thumb Code    50  loadcell_hx711.o(i.HX711_Init)
    HX711_Value                              0x080011e5   Thumb Code   108  loadcell_hx711.o(i.HX711_Value)
    NVIC_Init                                0x08001255   Thumb Code   100  misc.o(i.NVIC_Init)
    NVIC_PriorityGroupConfig                 0x080012c5   Thumb Code    10  misc.o(i.NVIC_PriorityGroupConfig)
    PWM_Init                                 0x080012d9   Thumb Code   110  main.o(i.PWM_Init)
    RCC_ADCCLKConfig                         0x0800134d   Thumb Code    18  stm32f10x_rcc.o(i.RCC_ADCCLKConfig)
    RCC_AHBPeriphClockCmd                    0x08001365   Thumb Code    26  stm32f10x_rcc.o(i.RCC_AHBPeriphClockCmd)
    RCC_APB1PeriphClockCmd                   0x08001385   Thumb Code    26  stm32f10x_rcc.o(i.RCC_APB1PeriphClockCmd)
    RCC_APB2PeriphClockCmd                   0x080013a5   Thumb Code    26  stm32f10x_rcc.o(i.RCC_APB2PeriphClockCmd)
    SPI_Cmd                                  0x080013c5   Thumb Code    24  stm32f10x_spi.o(i.SPI_Cmd)
    SPI_DMA_Configuration                    0x080013dd   Thumb Code   122  spi.o(i.SPI_DMA_Configuration)
    SPI_DMA_Send                             0x08001461   Thumb Code    34  spi.o(i.SPI_DMA_Send)
    SPI_I2S_DMACmd                           0x08001489   Thumb Code    18  stm32f10x_spi.o(i.SPI_I2S_DMACmd)
    SPI_I2S_GetFlagStatus                    0x0800149b   Thumb Code    18  stm32f10x_spi.o(i.SPI_I2S_GetFlagStatus)
    SPI_Init                                 0x080014ad   Thumb Code    60  stm32f10x_spi.o(i.SPI_Init)
    SPI_PutData                              0x080014e9   Thumb Code    66  spi.o(i.SPI_PutData)
    ST7735_Cmd                               0x0800152d   Thumb Code    14  st7735_tft_spi.o(i.ST7735_Cmd)
    ST7735_Configuration                     0x08001541   Thumb Code   144  st7735_tft_spi.o(i.ST7735_Configuration)
    ST7735_DATA                              0x080015d9   Thumb Code    14  st7735_tft_spi.o(i.ST7735_DATA)
    ST7735_DrawImage                         0x080015ed   Thumb Code   108  st7735_tft_spi.o(i.ST7735_DrawImage)
    ST7735_DrawPixel                         0x0800165d   Thumb Code    66  st7735_tft_spi.o(i.ST7735_DrawPixel)
    ST7735_FillRectangle                     0x08001705   Thumb Code   136  st7735_tft_spi.o(i.ST7735_FillRectangle)
    ST7735_FillScreen                        0x0800178d   Thumb Code    20  st7735_tft_spi.o(i.ST7735_FillScreen)
    ST7735_HozizontalLine                    0x080017a1   Thumb Code    54  st7735_tft_spi.o(i.ST7735_HozizontalLine)
    ST7735_Init                              0x080017d9   Thumb Code    34  st7735_tft_spi.o(i.ST7735_Init)
    ST7735_RESET_OFF                         0x08001809   Thumb Code    14  st7735_tft_spi.o(i.ST7735_RESET_OFF)
    ST7735_RESET_ON                          0x0800181d   Thumb Code    14  st7735_tft_spi.o(i.ST7735_RESET_ON)
    ST7735_Rectangle                         0x08001831   Thumb Code    88  st7735_tft_spi.o(i.ST7735_Rectangle)
    ST7735_Select                            0x080018c1   Thumb Code    14  st7735_tft_spi.o(i.ST7735_Select)
    ST7735_Unselect                          0x08001921   Thumb Code    14  st7735_tft_spi.o(i.ST7735_Unselect)
    ST7735_VerticalLine                      0x08001935   Thumb Code    54  st7735_tft_spi.o(i.ST7735_VerticalLine)
    ST7735_WriteString                       0x08001a2f   Thumb Code   120  st7735_tft_spi.o(i.ST7735_WriteString)
    SysTick_Handler                          0x08001b9d   Thumb Code    46  port.o(i.SysTick_Handler)
    SystemInit                               0x08001bd1   Thumb Code    78  system_stm32f10x.o(i.SystemInit)
    TIM_ARRPreloadConfig                     0x08001c31   Thumb Code    24  stm32f10x_tim.o(i.TIM_ARRPreloadConfig)
    TIM_Cmd                                  0x08001c49   Thumb Code    24  stm32f10x_tim.o(i.TIM_Cmd)
    TIM_CtrlPWMOutputs                       0x08001c61   Thumb Code    30  stm32f10x_tim.o(i.TIM_CtrlPWMOutputs)
    TIM_GetCounter                           0x08001c7f   Thumb Code     6  stm32f10x_tim.o(i.TIM_GetCounter)
    TIM_OC1Init                              0x08001c85   Thumb Code   132  stm32f10x_tim.o(i.TIM_OC1Init)
    TIM_OC1PreloadConfig                     0x08001d1d   Thumb Code    18  stm32f10x_tim.o(i.TIM_OC1PreloadConfig)
    TIM_SetCounter                           0x08001d2f   Thumb Code     4  stm32f10x_tim.o(i.TIM_SetCounter)
    TIM_TimeBaseInit                         0x08001d35   Thumb Code   122  stm32f10x_tim.o(i.TIM_TimeBaseInit)
    __0sprintf                               0x08002ea1   Thumb Code    34  printfa.o(i.__0sprintf)
    __1sprintf                               0x08002ea1   Thumb Code     0  printfa.o(i.__0sprintf)
    __2sprintf                               0x08002ea1   Thumb Code     0  printfa.o(i.__0sprintf)
    __c89sprintf                             0x08002ea1   Thumb Code     0  printfa.o(i.__0sprintf)
    sprintf                                  0x08002ea1   Thumb Code     0  printfa.o(i.__0sprintf)
    __mathlib_flt_divzero                    0x08002ec9   Thumb Code    10  funder.o(i.__mathlib_flt_divzero)
    __mathlib_flt_infnan                     0x08002ed3   Thumb Code     6  funder.o(i.__mathlib_flt_infnan)
    __mathlib_flt_invalid                    0x08002ed9   Thumb Code     8  funder.o(i.__mathlib_flt_invalid)
    __scatterload_copy                       0x08002ee1   Thumb Code    14  handlers.o(i.__scatterload_copy)
    __scatterload_null                       0x08002eef   Thumb Code     2  handlers.o(i.__scatterload_null)
    __scatterload_zeroinit                   0x08002ef1   Thumb Code    14  handlers.o(i.__scatterload_zeroinit)
    __set_errno                              0x08002f01   Thumb Code     6  errno.o(i.__set_errno)
    fis_MF_out                               0x080037c9   Thumb Code   168  fuzzy_logic.o(i.fis_MF_out)
    fis_array_operation                      0x08003881   Thumb Code    66  fuzzy_logic.o(i.fis_array_operation)
    fis_defuzz_centroid                      0x080038c5   Thumb Code   178  fuzzy_logic.o(i.fis_defuzz_centroid)
    fis_evaluate                             0x08003985   Thumb Code   680  fuzzy_logic.o(i.fis_evaluate)
    fis_trapmf                               0x08003c5d   Thumb Code   182  fuzzy_logic.o(i.fis_trapmf)
    fis_trimf                                0x08003d13   Thumb Code   302  fuzzy_logic.o(i.fis_trimf)
    __mathlib_logf                           0x08003e41   Thumb Code     0  logf.o(i.logf)
    logf                                     0x08003e41   Thumb Code   362  logf.o(i.logf)
    main                                     0x08003fd1   Thumb Code   214  main.o(i.main)
    pvPortMalloc                             0x08004749   Thumb Code   208  heap_4.o(i.pvPortMalloc)
    pxPortInitialiseStack                    0x0800482d   Thumb Code    30  port.o(i.pxPortInitialiseStack)
    uxListRemove                             0x08004851   Thumb Code    40  list.o(i.uxListRemove)
    uxTaskGetNumberOfTasks                   0x08004879   Thumb Code     6  tasks.o(i.uxTaskGetNumberOfTasks)
    vListInitialise                          0x08004885   Thumb Code    26  list.o(i.vListInitialise)
    vListInitialiseItem                      0x0800489f   Thumb Code     6  list.o(i.vListInitialiseItem)
    vListInsert                              0x080048a5   Thumb Code    52  list.o(i.vListInsert)
    vListInsertEnd                           0x080048d9   Thumb Code    24  list.o(i.vListInsertEnd)
    vPortEnterCritical                       0x080048f1   Thumb Code    30  port.o(i.vPortEnterCritical)
    vPortExitCritical                        0x08004915   Thumb Code    28  port.o(i.vPortExitCritical)
    vPortFree                                0x08004935   Thumb Code    68  heap_4.o(i.vPortFree)
    vPortSetupTimerInterrupt                 0x08004981   Thumb Code    20  port.o(i.vPortSetupTimerInterrupt)
    vTaskDelay                               0x08004999   Thumb Code    46  tasks.o(i.vTaskDelay)
    vTaskInternalSetTimeOutState             0x080049cd   Thumb Code    14  tasks.o(i.vTaskInternalSetTimeOutState)
    vTaskMissedYield                         0x080049e5   Thumb Code     8  tasks.o(i.vTaskMissedYield)
    vTaskPlaceOnEventList                    0x080049f1   Thumb Code    28  tasks.o(i.vTaskPlaceOnEventList)
    vTaskResume                              0x08004a11   Thumb Code   156  tasks.o(i.vTaskResume)
    vTaskStartScheduler                      0x08004abd   Thumb Code    76  tasks.o(i.vTaskStartScheduler)
    vTaskSuspend                             0x08004b29   Thumb Code   188  tasks.o(i.vTaskSuspend)
    vTaskSuspendAll                          0x08004c01   Thumb Code    12  tasks.o(i.vTaskSuspendAll)
    vTaskSwitchContext                       0x08004c11   Thumb Code    76  tasks.o(i.vTaskSwitchContext)
    vienChonCheDo                            0x08004c71   Thumb Code   284  main.o(i.vienChonCheDo)
    xPortStartScheduler                      0x08004d8d   Thumb Code    42  port.o(i.xPortStartScheduler)
    xQueueAddToSet                           0x08004dc1   Thumb Code    38  queue.o(i.xQueueAddToSet)
    xQueueCreateSet                          0x08004de7   Thumb Code    20  queue.o(i.xQueueCreateSet)
    xQueueGenericCreate                      0x08004dfb   Thumb Code    76  queue.o(i.xQueueGenericCreate)
    xQueueGenericReset                       0x08004e49   Thumb Code   156  queue.o(i.xQueueGenericReset)
    xQueueGenericSend                        0x08004ee9   Thumb Code   322  queue.o(i.xQueueGenericSend)
    xQueueReceive                            0x08005031   Thumb Code   256  queue.o(i.xQueueReceive)
    xQueueSelectFromSet                      0x08005135   Thumb Code    24  queue.o(i.xQueueSelectFromSet)
    xQueueSemaphoreTake                      0x0800514d   Thumb Code   234  queue.o(i.xQueueSemaphoreTake)
    xTaskCheckForTimeOut                     0x0800523d   Thumb Code    88  tasks.o(i.xTaskCheckForTimeOut)
    xTaskCreate                              0x0800529d   Thumb Code   104  tasks.o(i.xTaskCreate)
    xTaskGetTickCount                        0x08005305   Thumb Code     6  tasks.o(i.xTaskGetTickCount)
    xTaskIncrementTick                       0x08005311   Thumb Code   356  tasks.o(i.xTaskIncrementTick)
    xTaskRemoveFromEventList                 0x080054a1   Thumb Code   240  tasks.o(i.xTaskRemoveFromEventList)
    xTaskResumeAll                           0x080055a9   Thumb Code   310  tasks.o(i.xTaskResumeAll)
    meo_map                                  0x08005704   Data       40960  main.o(.constdata)
    Region$$Table$$Base                      0x0800fcc8   Number         0  anon$$obj.o(Region$$Table)
    Region$$Table$$Limit                     0x0800fce8   Number         0  anon$$obj.o(Region$$Table)
    ADC_Buffer                               0x20000000   Data           4  main.o(.data)
    xQueuePeripheral                         0x20000004   Data           4  main.o(.data)
    xQueueWashing                            0x20000008   Data           4  main.o(.data)
    xQueueCycleExcution                      0x2000000c   Data           4  main.o(.data)
    xQueueReceiveTFT                         0x20000010   Data           4  main.o(.data)
    Task_ReadPeripheral_Handle               0x20000014   Data           4  main.o(.data)
    Task_Cycle_Excution_Handle               0x20000018   Data           4  main.o(.data)
    xBinarySemaphoreBuzzer                   0x2000001c   Data           4  main.o(.data)
    VaiBong                                  0x2000002c   Data           6  kieugiat.o(.data)
    DoHonHop                                 0x20000032   Data           6  kieugiat.o(.data)
    DoTraiGiuong                             0x20000038   Data           6  kieugiat.o(.data)
    GiatNhe                                  0x2000003e   Data           6  kieugiat.o(.data)
    DoTheThao                                0x20000044   Data           6  kieugiat.o(.data)
    pKieuGiat                                0x2000004c   Data           4  kieugiat.o(.data)
    g_fisInput                               0x20000050   Data           8  fuzzy_logic.o(.data)
    g_fisOutput                              0x20000058   Data           4  fuzzy_logic.o(.data)
    fis_gMF                                  0x2000005c   Data           8  fuzzy_logic.o(.data)
    fis_gIMFCount                            0x20000064   Data           2  fuzzy_logic.o(.data)
    fis_gOMFCount                            0x20000066   Data           1  fuzzy_logic.o(.data)
    fis_gMFI0Coeff1                          0x20000068   Data          16  fuzzy_logic.o(.data)
    fis_gMFI0Coeff2                          0x20000078   Data          12  fuzzy_logic.o(.data)
    fis_gMFI0Coeff3                          0x20000084   Data          16  fuzzy_logic.o(.data)
    fis_gMFI0Coeff                           0x20000094   Data          12  fuzzy_logic.o(.data)
    fis_gMFI1Coeff1                          0x200000a0   Data          16  fuzzy_logic.o(.data)
    fis_gMFI1Coeff2                          0x200000b0   Data          12  fuzzy_logic.o(.data)
    fis_gMFI1Coeff3                          0x200000bc   Data          16  fuzzy_logic.o(.data)
    fis_gMFI1Coeff                           0x200000cc   Data          12  fuzzy_logic.o(.data)
    fis_gMFICoeff                            0x200000d8   Data           8  fuzzy_logic.o(.data)
    fis_gMFO0Coeff1                          0x200000e0   Data          16  fuzzy_logic.o(.data)
    fis_gMFO0Coeff2                          0x200000f0   Data          12  fuzzy_logic.o(.data)
    fis_gMFO0Coeff3                          0x200000fc   Data          16  fuzzy_logic.o(.data)
    fis_gMFO0Coeff                           0x2000010c   Data          12  fuzzy_logic.o(.data)
    fis_gMFOCoeff                            0x20000118   Data           4  fuzzy_logic.o(.data)
    fis_gMFI0                                0x2000011c   Data           3  fuzzy_logic.o(.data)
    fis_gMFI1                                0x2000011f   Data           3  fuzzy_logic.o(.data)
    fis_gMFI                                 0x20000124   Data           8  fuzzy_logic.o(.data)
    fis_gMFO0                                0x2000012c   Data           3  fuzzy_logic.o(.data)
    fis_gMFO                                 0x20000130   Data           4  fuzzy_logic.o(.data)
    fis_gRWeight                             0x20000134   Data          36  fuzzy_logic.o(.data)
    fis_gRType                               0x20000158   Data           9  fuzzy_logic.o(.data)
    fis_gRI0                                 0x20000161   Data           2  fuzzy_logic.o(.data)
    fis_gRI1                                 0x20000163   Data           2  fuzzy_logic.o(.data)
    fis_gRI2                                 0x20000165   Data           2  fuzzy_logic.o(.data)
    fis_gRI3                                 0x20000167   Data           2  fuzzy_logic.o(.data)
    fis_gRI4                                 0x20000169   Data           2  fuzzy_logic.o(.data)
    fis_gRI5                                 0x2000016b   Data           2  fuzzy_logic.o(.data)
    fis_gRI6                                 0x2000016d   Data           2  fuzzy_logic.o(.data)
    fis_gRI7                                 0x2000016f   Data           2  fuzzy_logic.o(.data)
    fis_gRI8                                 0x20000171   Data           2  fuzzy_logic.o(.data)
    fis_gRI                                  0x20000174   Data          36  fuzzy_logic.o(.data)
    fis_gRO0                                 0x20000198   Data           1  fuzzy_logic.o(.data)
    fis_gRO1                                 0x20000199   Data           1  fuzzy_logic.o(.data)
    fis_gRO2                                 0x2000019a   Data           1  fuzzy_logic.o(.data)
    fis_gRO3                                 0x2000019b   Data           1  fuzzy_logic.o(.data)
    fis_gRO4                                 0x2000019c   Data           1  fuzzy_logic.o(.data)
    fis_gRO5                                 0x2000019d   Data           1  fuzzy_logic.o(.data)
    fis_gRO6                                 0x2000019e   Data           1  fuzzy_logic.o(.data)
    fis_gRO7                                 0x2000019f   Data           1  fuzzy_logic.o(.data)
    fis_gRO8                                 0x200001a0   Data           1  fuzzy_logic.o(.data)
    fis_gRO                                  0x200001a4   Data          36  fuzzy_logic.o(.data)
    fis_gIMin                                0x200001c8   Data           8  fuzzy_logic.o(.data)
    fis_gIMax                                0x200001d0   Data           8  fuzzy_logic.o(.data)
    fis_gOMin                                0x200001d8   Data           4  fuzzy_logic.o(.data)
    fis_gOMax                                0x200001dc   Data           4  fuzzy_logic.o(.data)
    Font_7x10                                0x200001e0   Data           8  font.o(.data)
    pxCurrentTCB                             0x200001e8   Data           4  tasks.o(.data)
    uxTopUsedPriority                        0x20000220   Data           4  tasks.o(.data)
    __initial_sp                             0x20004b18   Data           0  startup_stm32f10x_md.o(STACK)



==============================================================================

Memory Map of the image

  Image Entry point : 0x080000ed

  Load Region LR_IROM1 (Base: 0x08000000, Size: 0x0000ff38, Max: 0x00010000, ABSOLUTE, COMPRESSED[0x0000fde8])

    Execution Region ER_IROM1 (Exec base: 0x08000000, Load base: 0x08000000, Size: 0x0000fce8, Max: 0x00010000, ABSOLUTE)

    Exec Addr    Load Addr    Size         Type   Attr      Idx    E Section Name        Object

    0x08000000   0x08000000   0x000000ec   Data   RO         2692    RESET               startup_stm32f10x_md.o
    0x080000ec   0x080000ec   0x00000000   Code   RO         2753  * .ARM.Collect$$$$00000000  mc_w.l(entry.o)
    0x080000ec   0x080000ec   0x00000004   Code   RO         3058    .ARM.Collect$$$$00000001  mc_w.l(entry2.o)
    0x080000f0   0x080000f0   0x00000004   Code   RO         3061    .ARM.Collect$$$$00000004  mc_w.l(entry5.o)
    0x080000f4   0x080000f4   0x00000000   Code   RO         3063    .ARM.Collect$$$$00000008  mc_w.l(entry7b.o)
    0x080000f4   0x080000f4   0x00000000   Code   RO         3065    .ARM.Collect$$$$0000000A  mc_w.l(entry8b.o)
    0x080000f4   0x080000f4   0x00000008   Code   RO         3066    .ARM.Collect$$$$0000000B  mc_w.l(entry9a.o)
    0x080000fc   0x080000fc   0x00000000   Code   RO         3068    .ARM.Collect$$$$0000000D  mc_w.l(entry10a.o)
    0x080000fc   0x080000fc   0x00000000   Code   RO         3070    .ARM.Collect$$$$0000000F  mc_w.l(entry11a.o)
    0x080000fc   0x080000fc   0x00000004   Code   RO         3059    .ARM.Collect$$$$00002712  mc_w.l(entry2.o)
    0x08000100   0x08000100   0x00000096   Code   RO         1093    .emb_text           port.o
    0x08000196   0x08000196   0x00000002   PAD
    0x08000198   0x08000198   0x00000024   Code   RO         2693    .text               startup_stm32f10x_md.o
    0x080001bc   0x080001bc   0x00000024   Code   RO         2756    .text               mc_w.l(rand.o)
    0x080001e0   0x080001e0   0x00000024   Code   RO         2759    .text               mc_w.l(memcpya.o)
    0x08000204   0x08000204   0x00000024   Code   RO         2761    .text               mc_w.l(memseta.o)
    0x08000228   0x08000228   0x000000b0   Code   RO         3026    .text               mf_w.l(fadd.o)
    0x080002d8   0x080002d8   0x00000064   Code   RO         3028    .text               mf_w.l(fmul.o)
    0x0800033c   0x0800033c   0x0000007c   Code   RO         3030    .text               mf_w.l(fdiv.o)
    0x080003b8   0x080003b8   0x00000012   Code   RO         3032    .text               mf_w.l(fflti.o)
    0x080003ca   0x080003ca   0x0000000a   Code   RO         3034    .text               mf_w.l(ffltui.o)
    0x080003d4   0x080003d4   0x00000028   Code   RO         3036    .text               mf_w.l(ffixui.o)
    0x080003fc   0x080003fc   0x00000026   Code   RO         3038    .text               mf_w.l(f2d.o)
    0x08000422   0x08000422   0x00000002   PAD
    0x08000424   0x08000424   0x00000014   Code   RO         3040    .text               mf_w.l(cfcmple.o)
    0x08000438   0x08000438   0x00000014   Code   RO         3042    .text               mf_w.l(cfrcmple.o)
    0x0800044c   0x0800044c   0x0000002c   Code   RO         3075    .text               mc_w.l(uidiv.o)
    0x08000478   0x08000478   0x00000062   Code   RO         3077    .text               mc_w.l(uldiv.o)
    0x080004da   0x080004da   0x00000000   Code   RO         3086    .text               mc_w.l(iusefp.o)
    0x080004da   0x080004da   0x0000006e   Code   RO         3087    .text               mf_w.l(fepilogue.o)
    0x08000548   0x08000548   0x00000018   Code   RO         3089    .text               mf_w.l(fscalb.o)
    0x08000560   0x08000560   0x0000014e   Code   RO         3091    .text               mf_w.l(dadd.o)
    0x080006ae   0x080006ae   0x000000e4   Code   RO         3093    .text               mf_w.l(dmul.o)
    0x08000792   0x08000792   0x000000de   Code   RO         3095    .text               mf_w.l(ddiv.o)
    0x08000870   0x08000870   0x00000030   Code   RO         3097    .text               mf_w.l(dfixul.o)
    0x080008a0   0x080008a0   0x00000030   Code   RO         3099    .text               mf_w.l(cdrcmple.o)
    0x080008d0   0x080008d0   0x00000024   Code   RO         3101    .text               mc_w.l(init.o)
    0x080008f4   0x080008f4   0x0000001e   Code   RO         3104    .text               mc_w.l(llshl.o)
    0x08000912   0x08000912   0x00000020   Code   RO         3106    .text               mc_w.l(llushr.o)
    0x08000932   0x08000932   0x00000024   Code   RO         3108    .text               mc_w.l(llsshr.o)
    0x08000956   0x08000956   0x000000ba   Code   RO         3111    .text               mf_w.l(depilogue.o)
    0x08000a10   0x08000a10   0x00000056   Code   RO         3121    .text               mc_w.l(__dczerorl2.o)
    0x08000a66   0x08000a66   0x00000016   Code   RO         1327    i.ADC_Cmd           stm32f10x_adc.o
    0x08000a7c   0x08000a7c   0x00000016   Code   RO         1328    i.ADC_DMACmd        stm32f10x_adc.o
    0x08000a92   0x08000a92   0x00000002   PAD
    0x08000a94   0x08000a94   0x000000fc   Code   RO            4    i.ADC_DMA_Configuration  main.o
    0x08000b90   0x08000b90   0x00000014   Code   RO         1335    i.ADC_GetCalibrationStatus  stm32f10x_adc.o
    0x08000ba4   0x08000ba4   0x00000014   Code   RO         1341    i.ADC_GetResetCalibrationStatus  stm32f10x_adc.o
    0x08000bb8   0x08000bb8   0x00000050   Code   RO         1345    i.ADC_Init          stm32f10x_adc.o
    0x08000c08   0x08000c08   0x000000b8   Code   RO         1349    i.ADC_RegularChannelConfig  stm32f10x_adc.o
    0x08000cc0   0x08000cc0   0x0000000a   Code   RO         1350    i.ADC_ResetCalibration  stm32f10x_adc.o
    0x08000cca   0x08000cca   0x00000016   Code   RO         1352    i.ADC_SoftwareStartConvCmd  stm32f10x_adc.o
    0x08000ce0   0x08000ce0   0x0000000a   Code   RO         1354    i.ADC_StartCalibration  stm32f10x_adc.o
    0x08000cea   0x08000cea   0x00000016   Code   RO          331    i.DMA1_Channel3_IRQHandler  spi.o
    0x08000d00   0x08000d00   0x00000016   Code   RO          332    i.DMA1_Channel5_IRQHandler  spi.o
    0x08000d16   0x08000d16   0x00000002   PAD
    0x08000d18   0x08000d18   0x0000001c   Code   RO         1556    i.DMA_ClearITPendingBit  stm32f10x_dma.o
    0x08000d34   0x08000d34   0x00000018   Code   RO         1557    i.DMA_Cmd           stm32f10x_dma.o
    0x08000d4c   0x08000d4c   0x0000014c   Code   RO         1558    i.DMA_DeInit        stm32f10x_dma.o
    0x08000e98   0x08000e98   0x0000002c   Code   RO         1561    i.DMA_GetITStatus   stm32f10x_dma.o
    0x08000ec4   0x08000ec4   0x00000012   Code   RO         1562    i.DMA_ITConfig      stm32f10x_dma.o
    0x08000ed6   0x08000ed6   0x0000003c   Code   RO         1563    i.DMA_Init          stm32f10x_dma.o
    0x08000f12   0x08000f12   0x00000002   PAD
    0x08000f14   0x08000f14   0x00000034   Code   RO          282    i.Delay_Timer_Init  delay_timer.o
    0x08000f48   0x08000f48   0x0000001a   Code   RO          283    i.Delay_ms          delay_timer.o
    0x08000f62   0x08000f62   0x00000002   PAD
    0x08000f64   0x08000f64   0x00000020   Code   RO          284    i.Delay_us          delay_timer.o
    0x08000f84   0x08000f84   0x0000000c   Code   RO          217    i.Fuzzy_Logic_Input  fuzzy_logic.o
    0x08000f90   0x08000f90   0x00000014   Code   RO          218    i.Fuzzy_Logic_Output  fuzzy_logic.o
    0x08000fa4   0x08000fa4   0x000000cc   Code   RO            5    i.GPIO_Configuration  main.o
    0x08001070   0x08001070   0x00000116   Code   RO         1645    i.GPIO_Init         stm32f10x_gpio.o
    0x08001186   0x08001186   0x00000012   Code   RO         1649    i.GPIO_ReadInputDataBit  stm32f10x_gpio.o
    0x08001198   0x08001198   0x00000004   Code   RO         1652    i.GPIO_ResetBits    stm32f10x_gpio.o
    0x0800119c   0x0800119c   0x00000004   Code   RO         1653    i.GPIO_SetBits      stm32f10x_gpio.o
    0x080011a0   0x080011a0   0x0000000a   Code   RO         1656    i.GPIO_WriteBit     stm32f10x_gpio.o
    0x080011aa   0x080011aa   0x00000002   PAD
    0x080011ac   0x080011ac   0x00000038   Code   RO          566    i.HX711_Init        loadcell_hx711.o
    0x080011e4   0x080011e4   0x00000070   Code   RO          567    i.HX711_Value       loadcell_hx711.o
    0x08001254   0x08001254   0x00000070   Code   RO         1273    i.NVIC_Init         misc.o
    0x080012c4   0x080012c4   0x00000014   Code   RO         1274    i.NVIC_PriorityGroupConfig  misc.o
    0x080012d8   0x080012d8   0x00000074   Code   RO            6    i.PWM_Init          main.o
    0x0800134c   0x0800134c   0x00000018   Code   RO         1765    i.RCC_ADCCLKConfig  stm32f10x_rcc.o
    0x08001364   0x08001364   0x00000020   Code   RO         1766    i.RCC_AHBPeriphClockCmd  stm32f10x_rcc.o
    0x08001384   0x08001384   0x00000020   Code   RO         1767    i.RCC_APB1PeriphClockCmd  stm32f10x_rcc.o
    0x080013a4   0x080013a4   0x00000020   Code   RO         1769    i.RCC_APB2PeriphClockCmd  stm32f10x_rcc.o
    0x080013c4   0x080013c4   0x00000018   Code   RO         1982    i.SPI_Cmd           stm32f10x_spi.o
    0x080013dc   0x080013dc   0x00000084   Code   RO          333    i.SPI_DMA_Configuration  spi.o
    0x08001460   0x08001460   0x00000028   Code   RO          335    i.SPI_DMA_Send      spi.o
    0x08001488   0x08001488   0x00000012   Code   RO         1988    i.SPI_I2S_DMACmd    stm32f10x_spi.o
    0x0800149a   0x0800149a   0x00000012   Code   RO         1990    i.SPI_I2S_GetFlagStatus  stm32f10x_spi.o
    0x080014ac   0x080014ac   0x0000003c   Code   RO         1995    i.SPI_Init          stm32f10x_spi.o
    0x080014e8   0x080014e8   0x00000042   Code   RO          337    i.SPI_PutData       spi.o
    0x0800152a   0x0800152a   0x00000002   PAD
    0x0800152c   0x0800152c   0x00000014   Code   RO          391    i.ST7735_Cmd        st7735_tft_spi.o
    0x08001540   0x08001540   0x00000098   Code   RO          392    i.ST7735_Configuration  st7735_tft_spi.o
    0x080015d8   0x080015d8   0x00000014   Code   RO          393    i.ST7735_DATA       st7735_tft_spi.o
    0x080015ec   0x080015ec   0x00000070   Code   RO          396    i.ST7735_DrawImage  st7735_tft_spi.o
    0x0800165c   0x0800165c   0x00000042   Code   RO          397    i.ST7735_DrawPixel  st7735_tft_spi.o
    0x0800169e   0x0800169e   0x00000002   PAD
    0x080016a0   0x080016a0   0x00000064   Code   RO          398    i.ST7735_ExecuteCommandList  st7735_tft_spi.o
    0x08001704   0x08001704   0x00000088   Code   RO          399    i.ST7735_FillRectangle  st7735_tft_spi.o
    0x0800178c   0x0800178c   0x00000014   Code   RO          400    i.ST7735_FillScreen  st7735_tft_spi.o
    0x080017a0   0x080017a0   0x00000036   Code   RO          401    i.ST7735_HozizontalLine  st7735_tft_spi.o
    0x080017d6   0x080017d6   0x00000002   PAD
    0x080017d8   0x080017d8   0x00000030   Code   RO          402    i.ST7735_Init       st7735_tft_spi.o
    0x08001808   0x08001808   0x00000014   Code   RO          403    i.ST7735_RESET_OFF  st7735_tft_spi.o
    0x0800181c   0x0800181c   0x00000014   Code   RO          404    i.ST7735_RESET_ON   st7735_tft_spi.o
    0x08001830   0x08001830   0x00000058   Code   RO          405    i.ST7735_Rectangle  st7735_tft_spi.o
    0x08001888   0x08001888   0x00000012   Code   RO          406    i.ST7735_Reset      st7735_tft_spi.o
    0x0800189a   0x0800189a   0x00000002   PAD
    0x0800189c   0x0800189c   0x00000024   Code   RO          407    i.ST7735_SPI_Trans  st7735_tft_spi.o
    0x080018c0   0x080018c0   0x00000014   Code   RO          408    i.ST7735_Select     st7735_tft_spi.o
    0x080018d4   0x080018d4   0x0000004a   Code   RO          409    i.ST7735_SetAddressWindow  st7735_tft_spi.o
    0x0800191e   0x0800191e   0x00000002   PAD
    0x08001920   0x08001920   0x00000014   Code   RO          410    i.ST7735_Unselect   st7735_tft_spi.o
    0x08001934   0x08001934   0x00000036   Code   RO          411    i.ST7735_VerticalLine  st7735_tft_spi.o
    0x0800196a   0x0800196a   0x000000a0   Code   RO          412    i.ST7735_WriteChar  st7735_tft_spi.o
    0x08001a0a   0x08001a0a   0x00000010   Code   RO          413    i.ST7735_WriteCommand  st7735_tft_spi.o
    0x08001a1a   0x08001a1a   0x00000014   Code   RO          414    i.ST7735_WriteData  st7735_tft_spi.o
    0x08001a2e   0x08001a2e   0x00000078   Code   RO          416    i.ST7735_WriteString  st7735_tft_spi.o
    0x08001aa6   0x08001aa6   0x0000000c   Code   RO          417    i.ST7735_delay      st7735_tft_spi.o
    0x08001ab2   0x08001ab2   0x00000008   Code   RO         2700    i.SetSysClock       system_stm32f10x.o
    0x08001aba   0x08001aba   0x00000002   PAD
    0x08001abc   0x08001abc   0x000000e0   Code   RO         2701    i.SetSysClockTo72   system_stm32f10x.o
    0x08001b9c   0x08001b9c   0x00000034   Code   RO         1094    i.SysTick_Handler   port.o
    0x08001bd0   0x08001bd0   0x00000060   Code   RO         2703    i.SystemInit        system_stm32f10x.o
    0x08001c30   0x08001c30   0x00000018   Code   RO         2137    i.TIM_ARRPreloadConfig  stm32f10x_tim.o
    0x08001c48   0x08001c48   0x00000018   Code   RO         2149    i.TIM_Cmd           stm32f10x_tim.o
    0x08001c60   0x08001c60   0x0000001e   Code   RO         2151    i.TIM_CtrlPWMOutputs  stm32f10x_tim.o
    0x08001c7e   0x08001c7e   0x00000006   Code   RO         2168    i.TIM_GetCounter    stm32f10x_tim.o
    0x08001c84   0x08001c84   0x00000098   Code   RO         2178    i.TIM_OC1Init       stm32f10x_tim.o
    0x08001d1c   0x08001d1c   0x00000012   Code   RO         2181    i.TIM_OC1PreloadConfig  stm32f10x_tim.o
    0x08001d2e   0x08001d2e   0x00000004   Code   RO         2214    i.TIM_SetCounter    stm32f10x_tim.o
    0x08001d32   0x08001d32   0x00000002   PAD
    0x08001d34   0x08001d34   0x000000a4   Code   RO         2220    i.TIM_TimeBaseInit  stm32f10x_tim.o
    0x08001dd8   0x08001dd8   0x00000038   Code   RO            7    i.Task_Buzzer       main.o
    0x08001e10   0x08001e10   0x0000060c   Code   RO            8    i.Task_Cycle_Excution  main.o
    0x0800241c   0x0800241c   0x00000424   Code   RO            9    i.Task_Read_Peripheral  main.o
    0x08002840   0x08002840   0x00000660   Code   RO           10    i.Task_TFT          main.o
    0x08002ea0   0x08002ea0   0x00000028   Code   RO         3000    i.__0sprintf        mc_w.l(printfa.o)
    0x08002ec8   0x08002ec8   0x0000000a   Code   RO         3044    i.__mathlib_flt_divzero  m_ws.l(funder.o)
    0x08002ed2   0x08002ed2   0x00000006   Code   RO         3045    i.__mathlib_flt_infnan  m_ws.l(funder.o)
    0x08002ed8   0x08002ed8   0x00000008   Code   RO         3047    i.__mathlib_flt_invalid  m_ws.l(funder.o)
    0x08002ee0   0x08002ee0   0x0000000e   Code   RO         3115    i.__scatterload_copy  mc_w.l(handlers.o)
    0x08002eee   0x08002eee   0x00000002   Code   RO         3116    i.__scatterload_null  mc_w.l(handlers.o)
    0x08002ef0   0x08002ef0   0x0000000e   Code   RO         3117    i.__scatterload_zeroinit  mc_w.l(handlers.o)
    0x08002efe   0x08002efe   0x00000002   PAD
    0x08002f00   0x08002f00   0x0000000c   Code   RO         3081    i.__set_errno       mc_w.l(errno.o)
    0x08002f0c   0x08002f0c   0x00000184   Code   RO         3005    i._fp_digits        mc_w.l(printfa.o)
    0x08003090   0x08003090   0x000006dc   Code   RO         3006    i._printf_core      mc_w.l(printfa.o)
    0x0800376c   0x0800376c   0x00000024   Code   RO         3007    i._printf_post_padding  mc_w.l(printfa.o)
    0x08003790   0x08003790   0x0000002e   Code   RO         3008    i._printf_pre_padding  mc_w.l(printfa.o)
    0x080037be   0x080037be   0x0000000a   Code   RO         3010    i._sputc            mc_w.l(printfa.o)
    0x080037c8   0x080037c8   0x000000b8   Code   RO          219    i.fis_MF_out        fuzzy_logic.o
    0x08003880   0x08003880   0x00000042   Code   RO          220    i.fis_array_operation  fuzzy_logic.o
    0x080038c2   0x080038c2   0x00000002   PAD
    0x080038c4   0x080038c4   0x000000c0   Code   RO          221    i.fis_defuzz_centroid  fuzzy_logic.o
    0x08003984   0x08003984   0x000002d8   Code   RO          222    i.fis_evaluate      fuzzy_logic.o
    0x08003c5c   0x08003c5c   0x000000b6   Code   RO          223    i.fis_trapmf        fuzzy_logic.o
    0x08003d12   0x08003d12   0x0000012e   Code   RO          224    i.fis_trimf         fuzzy_logic.o
    0x08003e40   0x08003e40   0x00000190   Code   RO         2744    i.logf              m_ws.l(logf.o)
    0x08003fd0   0x08003fd0   0x00000130   Code   RO           11    i.main              main.o
    0x08004100   0x08004100   0x000000c0   Code   RO          599    i.prvAddCurrentTaskToDelayedList  tasks.o
    0x080041c0   0x080041c0   0x000000e4   Code   RO          600    i.prvAddNewTaskToReadyList  tasks.o
    0x080042a4   0x080042a4   0x00000048   Code   RO          601    i.prvCheckTasksWaitingTermination  tasks.o
    0x080042ec   0x080042ec   0x0000002a   Code   RO          911    i.prvCopyDataFromQueue  queue.o
    0x08004316   0x08004316   0x0000006a   Code   RO          912    i.prvCopyDataToQueue  queue.o
    0x08004380   0x08004380   0x00000012   Code   RO          602    i.prvDeleteTCB      tasks.o
    0x08004392   0x08004392   0x00000002   PAD
    0x08004394   0x08004394   0x00000070   Code   RO         1170    i.prvHeapInit       heap_4.o
    0x08004404   0x08004404   0x00000028   Code   RO          603    i.prvIdleTask       tasks.o
    0x0800442c   0x0800442c   0x0000002a   Code   RO          913    i.prvInitialiseNewQueue  queue.o
    0x08004456   0x08004456   0x0000007a   Code   RO          604    i.prvInitialiseNewTask  tasks.o
    0x080044d0   0x080044d0   0x00000068   Code   RO          605    i.prvInitialiseTaskLists  tasks.o
    0x08004538   0x08004538   0x00000068   Code   RO         1171    i.prvInsertBlockIntoFreeList  heap_4.o
    0x080045a0   0x080045a0   0x0000001a   Code   RO          914    i.prvIsQueueEmpty   queue.o
    0x080045ba   0x080045ba   0x0000001e   Code   RO          915    i.prvIsQueueFull    queue.o
    0x080045d8   0x080045d8   0x00000058   Code   RO          916    i.prvNotifyQueueSetContainer  queue.o
    0x08004630   0x08004630   0x00000030   Code   RO          606    i.prvResetNextTaskUnblockTime  tasks.o
    0x08004660   0x08004660   0x00000016   Code   RO         1095    i.prvTaskExitError  port.o
    0x08004676   0x08004676   0x00000002   PAD
    0x08004678   0x08004678   0x00000040   Code   RO          607    i.prvTaskIsTaskSuspended  tasks.o
    0x080046b8   0x080046b8   0x00000090   Code   RO          917    i.prvUnlockQueue    queue.o
    0x08004748   0x08004748   0x000000e4   Code   RO         1173    i.pvPortMalloc      heap_4.o
    0x0800482c   0x0800482c   0x00000024   Code   RO         1096    i.pxPortInitialiseStack  port.o
    0x08004850   0x08004850   0x00000028   Code   RO         1234    i.uxListRemove      list.o
    0x08004878   0x08004878   0x0000000c   Code   RO          610    i.uxTaskGetNumberOfTasks  tasks.o
    0x08004884   0x08004884   0x0000001a   Code   RO         1235    i.vListInitialise   list.o
    0x0800489e   0x0800489e   0x00000006   Code   RO         1236    i.vListInitialiseItem  list.o
    0x080048a4   0x080048a4   0x00000034   Code   RO         1237    i.vListInsert       list.o
    0x080048d8   0x080048d8   0x00000018   Code   RO         1238    i.vListInsertEnd    list.o
    0x080048f0   0x080048f0   0x00000024   Code   RO         1098    i.vPortEnterCritical  port.o
    0x08004914   0x08004914   0x00000020   Code   RO         1099    i.vPortExitCritical  port.o
    0x08004934   0x08004934   0x0000004c   Code   RO         1174    i.vPortFree         heap_4.o
    0x08004980   0x08004980   0x00000018   Code   RO         1100    i.vPortSetupTimerInterrupt  port.o
    0x08004998   0x08004998   0x00000034   Code   RO          614    i.vTaskDelay        tasks.o
    0x080049cc   0x080049cc   0x00000018   Code   RO          618    i.vTaskInternalSetTimeOutState  tasks.o
    0x080049e4   0x080049e4   0x0000000c   Code   RO          619    i.vTaskMissedYield  tasks.o
    0x080049f0   0x080049f0   0x00000020   Code   RO          620    i.vTaskPlaceOnEventList  tasks.o
    0x08004a10   0x08004a10   0x000000ac   Code   RO          624    i.vTaskResume       tasks.o
    0x08004abc   0x08004abc   0x0000006c   Code   RO          626    i.vTaskStartScheduler  tasks.o
    0x08004b28   0x08004b28   0x000000d8   Code   RO          627    i.vTaskSuspend      tasks.o
    0x08004c00   0x08004c00   0x00000010   Code   RO          628    i.vTaskSuspendAll   tasks.o
    0x08004c10   0x08004c10   0x00000060   Code   RO          629    i.vTaskSwitchContext  tasks.o
    0x08004c70   0x08004c70   0x0000011c   Code   RO           12    i.vienChonCheDo     main.o
    0x08004d8c   0x08004d8c   0x00000034   Code   RO         1101    i.xPortStartScheduler  port.o
    0x08004dc0   0x08004dc0   0x00000026   Code   RO          922    i.xQueueAddToSet    queue.o
    0x08004de6   0x08004de6   0x00000014   Code   RO          923    i.xQueueCreateSet   queue.o
    0x08004dfa   0x08004dfa   0x0000004c   Code   RO          924    i.xQueueGenericCreate  queue.o
    0x08004e46   0x08004e46   0x00000002   PAD
    0x08004e48   0x08004e48   0x000000a0   Code   RO          925    i.xQueueGenericReset  queue.o
    0x08004ee8   0x08004ee8   0x00000148   Code   RO          926    i.xQueueGenericSend  queue.o
    0x08005030   0x08005030   0x00000104   Code   RO          933    i.xQueueReceive     queue.o
    0x08005134   0x08005134   0x00000018   Code   RO          936    i.xQueueSelectFromSet  queue.o
    0x0800514c   0x0800514c   0x000000f0   Code   RO          938    i.xQueueSemaphoreTake  queue.o
    0x0800523c   0x0800523c   0x00000060   Code   RO          631    i.xTaskCheckForTimeOut  tasks.o
    0x0800529c   0x0800529c   0x00000068   Code   RO          632    i.xTaskCreate       tasks.o
    0x08005304   0x08005304   0x0000000c   Code   RO          639    i.xTaskGetTickCount  tasks.o
    0x08005310   0x08005310   0x00000190   Code   RO          641    i.xTaskIncrementTick  tasks.o
    0x080054a0   0x080054a0   0x00000108   Code   RO          642    i.xTaskRemoveFromEventList  tasks.o
    0x080055a8   0x080055a8   0x0000015c   Code   RO          643    i.xTaskResumeAll    tasks.o
    0x08005704   0x08005704   0x0000a073   Data   RO           13    .constdata          main.o
    0x0800f777   0x0800f777   0x00000001   PAD
    0x0800f778   0x0800f778   0x0000049c   Data   RO          315    .constdata          font.o
    0x0800fc14   0x0800fc14   0x00000073   Data   RO          418    .constdata          st7735_tft_spi.o
    0x0800fc87   0x0800fc87   0x00000001   PAD
    0x0800fc88   0x0800fc88   0x00000040   Data   RO         2745    .constdata          m_ws.l(logf.o)
    0x0800fcc8   0x0800fcc8   0x00000020   Data   RO         3113    Region$$Table       anon$$obj.o


    Execution Region RW_IRAM1 (Exec base: 0x20000000, Load base: 0x0800fce8, Size: 0x00004b18, Max: 0x00005000, ABSOLUTE, COMPRESSED[0x00000100])

    Exec Addr    Load Addr    Size         Type   Attr      Idx    E Section Name        Object

    0x20000000   COMPRESSED   0x0000002b   Data   RW           14    .data               main.o
    0x2000002b   COMPRESSED   0x00000001   PAD
    0x2000002c   COMPRESSED   0x00000024   Data   RW          205    .data               kieugiat.o
    0x20000050   COMPRESSED   0x00000190   Data   RW          226    .data               fuzzy_logic.o
    0x200001e0   COMPRESSED   0x00000008   Data   RW          316    .data               font.o
    0x200001e8   COMPRESSED   0x00000040   Data   RW          646    .data               tasks.o
    0x20000228   COMPRESSED   0x00000004   Data   RW         1102    .data               port.o
    0x2000022c   COMPRESSED   0x0000001c   Data   RW         1180    .data               heap_4.o
    0x20000248   COMPRESSED   0x00000004   Data   RW         2757    .data               mc_w.l(rand.o)
    0x2000024c   COMPRESSED   0x00000004   Data   RW         3082    .data               mc_w.l(errno.o)
    0x20000250        -       0x000000c8   Zero   RW          645    .bss                tasks.o
    0x20000318        -       0x00004400   Zero   RW         1179    .bss                heap_4.o
    0x20004718        -       0x00000400   Zero   RW         2690    STACK               startup_stm32f10x_md.o


==============================================================================

Image component sizes


      Code (inc. data)   RO Data    RW Data    ZI Data      Debug   Object Name

       110         10          0          0          0       1469   delay_timer.o
         0          0       1180          8          0        996   font.o
      1686         86          0        400          0       9290   fuzzy_logic.o
       520         58          0         28      17408       4683   heap_4.o
         0          0          0         36          0       1144   kieugiat.o
       148          0          0          0          0       3190   list.o
       168         10          0          0          0       1159   loadcell_hx711.o
      5456        636      41075         43          0     297225   main.o
       132         22          0          0          0       1935   misc.o
       404         48          0          4          0       9320   port.o
      1624         20          0          0          0      27578   queue.o
       282         16          0          0          0       3095   spi.o
      1406         72        115          0          0      14562   st7735_tft_spi.o
        36          8        236          0       1024        812   startup_stm32f10x_md.o
       390         10          0          0          0       8293   stm32f10x_adc.o
       506         26          0          0          0       5823   stm32f10x_dma.o
       314          0          0          0          0       4852   stm32f10x_gpio.o
       120         24          0          0          0       2533   stm32f10x_rcc.o
       120          0          0          0          0       3886   stm32f10x_spi.o
       422         62          0          0          0       6064   stm32f10x_tim.o
       328         28          0          0          0       2109   system_stm32f10x.o
      2852        376          0         64        200      34281   tasks.o

    ----------------------------------------------------------------------
     17058       1512      42640        584      18632     444299   Object Totals
         0          0         32          0          0          0   (incl. Generated)
        34          0          2          1          0          0   (incl. Padding)

    ----------------------------------------------------------------------

      Code (inc. data)   RO Data    RW Data    ZI Data      Debug   Library Member Name

        24          0          0          0          0        204   funder.o
       400         38         64          0          0        132   logf.o
        86          0          0          0          0          0   __dczerorl2.o
         0          0          0          0          0          0   entry.o
         0          0          0          0          0          0   entry10a.o
         0          0          0          0          0          0   entry11a.o
         8          4          0          0          0          0   entry2.o
         4          0          0          0          0          0   entry5.o
         0          0          0          0          0          0   entry7b.o
         0          0          0          0          0          0   entry8b.o
         8          4          0          0          0          0   entry9a.o
        12          6          0          4          0         68   errno.o
        30          0          0          0          0          0   handlers.o
        36          8          0          0          0         68   init.o
         0          0          0          0          0          0   iusefp.o
        30          0          0          0          0         68   llshl.o
        36          0          0          0          0         68   llsshr.o
        32          0          0          0          0         68   llushr.o
        36          0          0          0          0         68   memcpya.o
        36          0          0          0          0        108   memseta.o
      2276         86          0          0          0        520   printfa.o
        36         10          0          4          0        136   rand.o
        44          0          0          0          0         80   uidiv.o
        98          0          0          0          0         92   uldiv.o
        48          0          0          0          0         68   cdrcmple.o
        20          0          0          0          0         68   cfcmple.o
        20          0          0          0          0         68   cfrcmple.o
       334          0          0          0          0        148   dadd.o
       222          0          0          0          0        100   ddiv.o
       186          0          0          0          0        176   depilogue.o
        48          0          0          0          0         68   dfixul.o
       228          0          0          0          0         96   dmul.o
        38          0          0          0          0         68   f2d.o
       176          0          0          0          0        140   fadd.o
       124          0          0          0          0         88   fdiv.o
       110          0          0          0          0        168   fepilogue.o
        40          0          0          0          0         68   ffixui.o
        18          0          0          0          0         68   fflti.o
        10          0          0          0          0         68   ffltui.o
       100          0          0          0          0         76   fmul.o
        24          0          0          0          0         68   fscalb.o

    ----------------------------------------------------------------------
      4982        156         64          8          0       3284   Library Totals
         4          0          0          0          0          0   (incl. Padding)

    ----------------------------------------------------------------------

      Code (inc. data)   RO Data    RW Data    ZI Data      Debug   Library Name

       424         38         64          0          0        336   m_ws.l
      2808        118          0          8          0       1344   mc_w.l
      1746          0          0          0          0       1604   mf_w.l

    ----------------------------------------------------------------------
      4982        156         64          8          0       3284   Library Totals

    ----------------------------------------------------------------------

==============================================================================


      Code (inc. data)   RO Data    RW Data    ZI Data      Debug   

     22040       1668      42704        592      18632     438403   Grand Totals
     22040       1668      42704        256      18632     438403   ELF Image Totals (compressed)
     22040       1668      42704        256          0          0   ROM Totals

==============================================================================

    Total RO  Size (Code + RO Data)                64744 (  63.23kB)
    Total RW  Size (RW Data + ZI Data)             19224 (  18.77kB)
    Total ROM Size (Code + RO Data + RW Data)      65000 (  63.48kB)

==============================================================================

